Microchip MPLAB XC8 Compiler V2.45

Linker command line:

-W-3 \
  --edf=C:\Program Files\Microchip\xc8\v2.45\pic\dat\20230818022343_en.msgs \
  -cn -h+dist/default/production\smart_home_slaveMCU.X.production.sym \
  --cmf=dist/default/production\smart_home_slaveMCU.X.production.cmf -z \
  -Q18F4620 -oC:\Users\20128\AppData\Local\Temp\xcAs44g.\driver_tmp_3.o \
  --defsym=__MPLAB_BUILD=1 --fixupoverflow=error \
  -Mdist/default/production/smart_home_slaveMCU.X.production.map \
  --md=C:\Users\20128\AppData\Local\Temp\xcAs44g.\driver_tmp_0.dat -E1 \
  -ver=XC8 Compiler --acfsm=1493 -ACODE=00h-0FFFFh -ACONST=00h-0FFFFh \
  -ASMALLCONST=01000h-010FFhx240 -AMEDIUMCONST=01000h-0FFFFh \
  -ACOMRAM=01h-07Fh -AABS1=00h-0F7Fh -ABIGRAM=01h-0F7Fh \
  -ARAM=080h-0FFh,0100h-01FFhx14,0F00h-0F7Fh -ABANK0=080h-0FFh \
  -ABANK1=0100h-01FFh -ABANK2=0200h-02FFh -ABANK3=0300h-03FFh \
  -ABANK4=0400h-04FFh -ABANK5=0500h-05FFh -ABANK6=0600h-06FFh \
  -ABANK7=0700h-07FFh -ABANK8=0800h-08FFh -ABANK9=0900h-09FFh \
  -ABANK10=0A00h-0AFFh -ABANK11=0B00h-0BFFh -ABANK12=0C00h-0CFFh \
  -ABANK13=0D00h-0DFFh -ABANK14=0E00h-0EFFh -ABANK15=0F00h-0F7Fh \
  -ASFR=0F80h-0FFFh -ABIGSFR=0F80h-0FFFh -ACONFIG=0300000h-030000Dh \
  -AIDLOC=0200000h-0200007h -AEEDATA=0F00000h-0F003FFh -peeprom_data=EEDATA \
  -preset_vec=00h,intcode=08h,intcodelo,powerup,init -pramtop=01000h \
  -psmallconst=SMALLCONST -pmediumconst=MEDIUMCONST -pconst=CONST \
  -AFARRAM=00h-00h \
  -prdata=COMRAM,nvrram=COMRAM,nvbit=COMRAM,rbss=COMRAM,rbit=COMRAM \
  -pfarbss=FARRAM,fardata=FARRAM,nvFARRAM=FARRAM \
  -pintsave_regs=BIGRAM,bigbss=BIGRAM,bigdata=BIGRAM -pbss=RAM \
  -pidata=CODE,irdata=CODE,ibigdata=CODE,ifardata=CODE -prparam=COMRAM \
  C:\Users\20128\AppData\Local\Temp\xcAs44g.\driver_tmp_9.o \
  dist/default/production\smart_home_slaveMCU.X.production.o 

Object code version is 3.11

Machine type is 18F4620



                Name                               Link     Load   Length Selector   Space Scale
C:\Users\20128\AppData\Local\Temp\xcAs44g.\driver_tmp_9.o
                config                           300000   300000        E        0       4
                init                                  E        E        4        4       0
                reset_vec                             0        0        4        0       0
dist/default/production\smart_home_slaveMCU.X.production.o
                intcode                               8        8        6        4       0
                config                           300000   300000        E        0       4
                temp                                 67       67        1        1       1
                smallconst                         1000     1000        6      800       0
                text72                             3A5A     3A5A        4     1C5E       0
                text71                             3A56     3A56        4     1C5E       0
                text70                             3A10     3A10        A     1C5E       0
                text69                             3820     3820       2E      803       0
                text68                             3A52     3A52        4     1C5E       0
                text67                             397E     397E       14     1C5E       0
                text66                             396A     396A       14     1C5E       0
                text65                             3956     3956       14     1C5E       0
                text64                             3942     3942       14     1C5E       0
                text63                             3014     3014       C4      803       0
                text62                             30D8     30D8       B0      803       0
                text61                             2A7C     2A7C      138      803       0
                text60                             32A4     32A4       78      803       0
                text59                             36D4     36D4       46      803       0
                text58                             384E     384E       26      803       0
                text57                             3A06     3A06        A     1C5E       0
                text56                             37F2     37F2       2E      803       0
                text55                             3A4E     3A4E        4     1C5E       0
                text54                             3A32     3A32        8     1C5E       0
                text53                             3A2A     3A2A        8     1C5E       0
                text52                             37C4     37C4       2E      803       0
                text51                             2F18     2F18       FC      803       0
                text50                             3A4A     3A4A        4     1C5E       0
                text49                             3A46     3A46        4     1C5E       0
                text48                             3A42     3A42        4     1C5E       0
                text47                             3928     3928       1A     1C5E       0
                text46                             390E     390E       1A     1C5E       0
                text45                             38F4     38F4       1A     1C5E       0
                text44                             38DA     38DA       1A     1C5E       0
                text43                             39B0     39B0        E     1C5E       0
                text42                             39A2     39A2        E     1C5E       0
                text41                             3A22     3A22        8     1C5E       0
                intcode_body                       18F2     18F2      39E      803       0
                text39                             1006     1006      4C2      803       0
                text38                             1C90     1C90      39C      803       0
                text37                             14C8     14C8      42A      803       0
                text36                             2E10     2E10      108      803       0
                text35                             220A     220A      1B4      803       0
                text34                             23BE     23BE      192      803       0
                text33                             34B4     34B4       5C      803       0
                text32                             3A3E     3A3E        4     1C5E       0
                text31                             38BC     38BC       1E     1C5E       0
                text30                             39FC     39FC        A     1C5E       0
                text29                             39F2     39F2        A     1C5E       0
                text28                             39E8     39E8        A     1C5E       0
                text27                             39DE     39DE        A     1C5E       0
                text26                             3A1A     3A1A        8     1C5E       0
                text25                             3A5E     3A5E        2     1C5E       0
                text24                             39D4     39D4        A     1C5E       0
                text23                             39CA     39CA        A     1C5E       0
                text22                             3456     3456       5E      803       0
                text21                             331C     331C       70      803       0
                text20                             293C     293C      140      803       0
                text19                             2550     2550      168      803       0
                text18                             375C     375C       3A      803       0
                text17                             202C     202C      1DE      803       0
                text16                             27FA     27FA      142      803       0
                text15                             26B8     26B8      142      803       0
                text14                             338C     338C       6C      803       0
                text13                             2BB4     2BB4      136      803       0
                text12                             3992     3992       10     1C5E       0
                text11                             3A3A     3A3A        4     1C5E       0
                text10                             3874     3874       24      803       0
                text9                              3216     3216       8E      803       0
                text8                              368E     368E       46      803       0
                text7                              3646     3646       48      803       0
                text6                              371A     371A       42      803       0
                text5                              33F8     33F8       5E      803       0
                text4                              3510     3510       50      803       0
                text3                              3560     3560       4E      803       0
                text2                              35FA     35FA       4C      803       0
                text1                              35AE     35AE       4C      803       0
                text0                              2CEA     2CEA      126      803       0
                cstackCOMRAM                          1        1       4F        1       1
                cstackBANK0                          E7       E7       19       80       1
                cstackBANK1                         12E      12E       1A      100       1
                dataBANK1                           100      100       2E      100       1
                bssBANK1                            148      148        D      100       1
                dataBANK0                            C4       C4       23       80       1
                bssBANK0                             80       80       44       80       1
                dataCOMRAM                           50       50        C        1       1
                bssCOMRAM                            5C       5C        B        1       1
                cinit                              3188     3188       8E      803       0
                idataBANK1                         3796     3796       2E      803       0
                idataBANK0                         3898     3898       23      803       0
                idataCOMRAM                        39BE     39BE        C     1C5E       0

TOTAL           Name                               Link     Load   Length     Space
        CLASS   CODE           
                intcode                               8        8        6         0
                init                                  E        E        4         0
                reset_vec                             0        0        4         0
                text72                             3A5A     3A5A        4         0
                text71                             3A56     3A56        4         0
                text70                             3A10     3A10        A         0
                text69                             3820     3820       2E         0
                text68                             3A52     3A52        4         0
                text67                             397E     397E       14         0
                text66                             396A     396A       14         0
                text65                             3956     3956       14         0
                text64                             3942     3942       14         0
                text63                             3014     3014       C4         0
                text62                             30D8     30D8       B0         0
                text61                             2A7C     2A7C      138         0
                text60                             32A4     32A4       78         0
                text59                             36D4     36D4       46         0
                text58                             384E     384E       26         0
                text57                             3A06     3A06        A         0
                text56                             37F2     37F2       2E         0
                text55                             3A4E     3A4E        4         0
                text54                             3A32     3A32        8         0
                text53                             3A2A     3A2A        8         0
                text52                             37C4     37C4       2E         0
                text51                             2F18     2F18       FC         0
                text50                             3A4A     3A4A        4         0
                text49                             3A46     3A46        4         0
                text48                             3A42     3A42        4         0
                text47                             3928     3928       1A         0
                text46                             390E     390E       1A         0
                text45                             38F4     38F4       1A         0
                text44                             38DA     38DA       1A         0
                text43                             39B0     39B0        E         0
                text42                             39A2     39A2        E         0
                text41                             3A22     3A22        8         0
                intcode_body                       18F2     18F2      39E         0
                text39                             1006     1006      4C2         0
                text38                             1C90     1C90      39C         0
                text37                             14C8     14C8      42A         0
                text36                             2E10     2E10      108         0
                text35                             220A     220A      1B4         0
                text34                             23BE     23BE      192         0
                text33                             34B4     34B4       5C         0
                text32                             3A3E     3A3E        4         0
                text31                             38BC     38BC       1E         0
                text30                             39FC     39FC        A         0
                text29                             39F2     39F2        A         0
                text28                             39E8     39E8        A         0
                text27                             39DE     39DE        A         0
                text26                             3A1A     3A1A        8         0
                text25                             3A5E     3A5E        2         0
                text24                             39D4     39D4        A         0
                text23                             39CA     39CA        A         0
                text22                             3456     3456       5E         0
                text21                             331C     331C       70         0
                text20                             293C     293C      140         0
                text19                             2550     2550      168         0
                text18                             375C     375C       3A         0
                text17                             202C     202C      1DE         0
                text16                             27FA     27FA      142         0
                text15                             26B8     26B8      142         0
                text14                             338C     338C       6C         0
                text13                             2BB4     2BB4      136         0
                text12                             3992     3992       10         0
                text11                             3A3A     3A3A        4         0
                text10                             3874     3874       24         0
                text9                              3216     3216       8E         0
                text8                              368E     368E       46         0
                text7                              3646     3646       48         0
                text6                              371A     371A       42         0
                text5                              33F8     33F8       5E         0
                text4                              3510     3510       50         0
                text3                              3560     3560       4E         0
                text2                              35FA     35FA       4C         0
                text1                              35AE     35AE       4C         0
                text0                              2CEA     2CEA      126         0
                cinit                              3188     3188       8E         0
                idataBANK1                         3796     3796       2E         0
                idataBANK0                         3898     3898       23         0
                idataCOMRAM                        39BE     39BE        C         0

        CLASS   CONST          

        CLASS   SMALLCONST     
                smallconst                         1000     1000        6         0

        CLASS   MEDIUMCONST    

        CLASS   COMRAM         
                temp                                 67       67        1         1
                cstackCOMRAM                          1        1       4F         1
                dataCOMRAM                           50       50        C         1
                bssCOMRAM                            5C       5C        B         1

        CLASS   ABS1           

        CLASS   BIGRAM         

        CLASS   RAM            

        CLASS   BANK0          
                cstackBANK0                          E7       E7       19         1
                dataBANK0                            C4       C4       23         1
                bssBANK0                             80       80       44         1

        CLASS   BANK1          
                cstackBANK1                         12E      12E       1A         1
                dataBANK1                           100      100       2E         1
                bssBANK1                            148      148        D         1

        CLASS   BANK2          

        CLASS   BANK3          

        CLASS   BANK4          

        CLASS   BANK5          

        CLASS   BANK6          

        CLASS   BANK7          

        CLASS   BANK8          

        CLASS   BANK9          

        CLASS   BANK10         

        CLASS   BANK11         

        CLASS   BANK12         

        CLASS   BANK13         

        CLASS   BANK14         

        CLASS   BANK15         

        CLASS   SFR            

        CLASS   BIGSFR         

        CLASS   CONFIG         
                config                           300000   300000        E         4

        CLASS   IDLOC          

        CLASS   EEDATA         

        CLASS   FARRAM         

        CLASS   HEAP           

        CLASS   STACK          



SEGMENTS        Name                           Load    Length   Top    Selector   Space  Class

                reset_vec                      000000  000004  000004         0       0  CODE    
                cstackCOMRAM                   000001  000067  000068         1       1  COMRAM  
                intcode                        000008  00000A  000012         4       0  CODE    
                bssBANK0                       000080  000080  000100        80       1  BANK0   
                dataBANK1                      000100  000055  000155       100       1  BANK1   
                smallconst                     001000  000006  001006       800       0  SMALLCON
                text39                         001006  0028B5  0038BB       803       0  CODE    
                text31                         0038BC  0001A4  003A60      1C5E       0  CODE    


UNUSED ADDRESS RANGES

        Name                Unused          Largest block    Delta
        BANK1            000155-0001FF               AB
        BANK10           000A00-000AFF              100
        BANK11           000B00-000BFF              100
        BANK12           000C00-000CFF              100
        BANK13           000D00-000DFF              100
        BANK14           000E00-000EFF              100
        BANK15           000F00-000F7F               80
        BANK2            000200-0002FF              100
        BANK3            000300-0003FF              100
        BANK4            000400-0004FF              100
        BANK5            000500-0005FF              100
        BANK6            000600-0006FF              100
        BANK7            000700-0007FF              100
        BANK8            000800-0008FF              100
        BANK9            000900-0009FF              100
        BIGRAM           000068-00007F               18
                         000155-000F7F              E2B
        BIGSFR           000F80-000FFF               80
        CODE             000004-000007                4
                         000012-000FFF              FEE
                         0038BB-0038BB                1
                         003A60-00FFFF             C5A0
        COMRAM           000068-00007F               18
        CONST            000004-000007                4
                         000012-000FFF              FEE
                         0038BB-0038BB                1
                         003A60-00FFFF             C5A0
        EEDATA           F00000-F003FF              400
        IDLOC            200000-200007                8
        MEDIUMCONST      0038BB-0038BB                1
                         003A60-00FFFF             C5A0
        RAM              000155-000F7F              100
        SFR              000F80-000FFF               80
        SMALLCONST       0038BB-0038BB                1
                         003A60-00FFFF              100

                                  Symbol Table

?___awdiv                                     cstackCOMRAM 000001
?___awmod                                     cstackCOMRAM 000001
?___fladd                                     cstackBANK0  0000F4
?___fldiv                                     cstackCOMRAM 000040
?___flmul                                     cstackCOMRAM 000027
?___fltol                                     cstackBANK1  00012E
?___xxtofl                                    cstackCOMRAM 000019
CCP_Capture_Mode_Config@_ccp_obj              cstackCOMRAM 00001C
CCP_Capture_Mode_Config@ret                   cstackCOMRAM 000020
CCP_Compare_Mode_Config@_ccp_obj              cstackCOMRAM 00001C
CCP_Compare_Mode_Config@ret                   cstackCOMRAM 000020
CCP_Init@_ccp_obj                             cstackBANK1  000144
CCP_Interrupt_Config@_ccp_obj                 cstackCOMRAM 000019
CCP_Mode_Timer_Select@_ccp_obj                cstackCOMRAM 000019
CCP_PWM_Mode_Config@_ccp_obj                  cstackBANK1  000138
CCP_PWM_Set_Duty@_ccp_obj                     cstackBANK1  000138
CCP_PWM_Set_Duty@_duty                        cstackBANK1  00013A
CCP_PWM_Set_Duty@l_duty_temp                  cstackBANK1  000141
CCP_PWM_Start@_ccp_obj                        cstackCOMRAM 000019
I2C_SlaveSendTxData@data                      cstackCOMRAM 000001
I2C_SlaveSetAddrIntHandler@handler            cstackCOMRAM 000019
I2C_SlaveSetBusColIntHandler@handler          cstackCOMRAM 000019
I2C_SlaveSetIsrHandler@handler                cstackCOMRAM 000019
I2C_SlaveSetReadIntHandler@handler            cstackCOMRAM 000019
I2C_SlaveSetSlaveAddr@slaveAddr               cstackCOMRAM 000019
I2C_SlaveSetWrColIntHandler@handler           cstackCOMRAM 000019
I2C_SlaveSetWriteIntHandler@handler           cstackCOMRAM 000019
MY_I2C_slave_ISR@temp_var                     cstackCOMRAM 000010
RB4_ISR@RB4_Source                            cstackCOMRAM 000001
RB5_ISR@RB5_Source                            cstackCOMRAM 000001
RB6_ISR@RB6_Source                            cstackCOMRAM 000001
RB7_ISR@RB7_Source                            cstackCOMRAM 000001
SPI_Master_Mode_GPIO_PIN_Configurations@F3114 dataCOMRAM   00005A
SPI_Master_Mode_GPIO_PIN_Configurations@F3116 dataCOMRAM   000059
SPI_Master_Mode_GPIO_PIN_Configurations@F3118 dataCOMRAM   000058
SPI_Slave_Mode_GPIO_PIN_Configurations@F3122  dataCOMRAM   000057
SPI_Slave_Mode_GPIO_PIN_Configurations@F3124  dataCOMRAM   000056
SPI_Slave_Mode_GPIO_PIN_Configurations@F3126  dataCOMRAM   000055
SPI_Slave_Mode_GPIO_PIN_Configurations@F3128  dataCOMRAM   000054
Timer2_Init@_timer                            cstackCOMRAM 000019
_ADCON0bits                                   (abs)        000FC2
_ADCON1bits                                   (abs)        000FC1
_ADCON2bits                                   (abs)        000FC0
_ADC_ISR                                      text72       003A5A
_ADC_InterruptHandler                         bssBANK0     0000BE
_ADRESH                                       (abs)        000FC4
_ADRESL                                       (abs)        000FC3
_BAUDCONbits                                  (abs)        000FB8
_CCP1CONbits                                  (abs)        000FBD
_CCP1_InterruptHandler                        bssBANK0     0000BC
_CCP2CONbits                                  (abs)        000FBA
_CCP2_InterruptHandler                        bssBANK0     0000BA
_CCPR1L                                       (abs)        000FBE
_CCPR2L                                       (abs)        000FBB
_CCP_Capture_Mode_Config                      text20       00293C
_CCP_Compare_Mode_Config                      text19       002550
_CCP_Init                                     text13       002BB4
_CCP_Interrupt_Config                         text18       00375C
_CCP_Mode_Timer_Select                        text21       00331C
_CCP_PWM_Mode_Config                          text17       00202C
_CCP_PWM_Mode_Config$5875                     cstackBANK1  00013C
_CCP_PWM_Mode_Config$5876                     cstackBANK1  000140
_CCP_PWM_Set_Duty                             text34       0023BE
_CCP_PWM_Set_Duty$5874                        cstackBANK1  00013D
_CCP_PWM_Start                                text33       0034B4
_EEADR                                        (abs)        000FA9
_EEADRH                                       (abs)        000FAA
_EECON1bits                                   (abs)        000FA6
_EECON2                                       (abs)        000FA7
_EEDATA                                       (abs)        000FA8
_EUSART_TxInterruptHandler                    bssBANK0     000092
_I2C_Initialize                               text12       003992
_I2C_Isr                                      text51       002F18
_I2C_Open                                     text22       003456
_I2C_SlaveAddrCallBack                        text69       003820
_I2C_SlaveAddrInterruptHandler                bssBANK0     000084
_I2C_SlaveBusColInterruptHandler              bssBANK0     000082
_I2C_SlaveClearIrq                            text68       003A52
_I2C_SlaveDefAddrInterruptHandler             text70       003A10
_I2C_SlaveDefBusColInterruptHandler           (abs)        000000
_I2C_SlaveDefRdInterruptHandler               text57       003A06
_I2C_SlaveDefWrColInterruptHandler            (abs)        000000
_I2C_SlaveDefWrInterruptHandler               text53       003A2A
_I2C_SlaveEnableIrq                           text32       003A3E
_I2C_SlaveGetRxData                           text71       003A56
_I2C_SlaveIsAddr                              text67       00397E
_I2C_SlaveIsRead                              text66       00396A
_I2C_SlaveIsRxBufFull                         text65       003956
_I2C_SlaveIsTxBufEmpty                        text64       003942
_I2C_SlaveOpen                                text31       0038BC
_I2C_SlaveRdCallBack                          text56       0037F2
_I2C_SlaveRdInterruptHandler                  bssBANK0     000088
_I2C_SlaveReleaseClock                        text55       003A4E
_I2C_SlaveSendTxData                          text54       003A32
_I2C_SlaveSetAddrIntHandler                   text30       0039FC
_I2C_SlaveSetBusColIntHandler                 text29       0039F2
_I2C_SlaveSetIsrHandler                       text28       0039E8
_I2C_SlaveSetReadIntHandler                   text27       0039DE
_I2C_SlaveSetSlaveAddr                        text26       003A1A
_I2C_SlaveSetSlaveMask                        text25       003A5E
_I2C_SlaveSetWrColIntHandler                  text24       0039D4
_I2C_SlaveSetWriteIntHandler                  text23       0039CA
_I2C_SlaveWrCallBack                          text52       0037C4
_I2C_SlaveWrColInterruptHandler               bssBANK0     000080
_I2C_SlaveWrInterruptHandler                  bssBANK0     000086
_INT0_ISR                                     text50       003A4A
_INT0_InterruptHandler                        bssBANK0     0000B8
_INT1_ISR                                     text49       003A46
_INT1_InterruptHandler                        bssBANK0     0000B6
_INT2_ISR                                     text48       003A42
_INT2_InterruptHandler                        bssBANK0     0000B4
_INTCON2bits                                  (abs)        000FF1
_INTCON3bits                                  (abs)        000FF0
_INTCONbits                                   (abs)        000FF2
_INTERRUPT_Initialize                         text11       003A3A
_INTERRUPT_InterruptManager                   intcode      000008
_Initialize                                   text5        0033F8
_LATA                                         (abs)        000F89
_LATB                                         (abs)        000F8A
_LATC                                         (abs)        000F8B
_LATD                                         (abs)        000F8C
_LATE                                         (abs)        000F8D
_MSSP_InterruptHandler                        bssBANK0     00008A
_MY_I2C_slave_ISR                             text58       00384E
_PIE1bits                                     (abs)        000F9D
_PIE2bits                                     (abs)        000FA0
_PIN_MANAGER_Initialize                       text10       003874
_PIR1bits                                     (abs)        000F9E
_PIR2bits                                     (abs)        000FA1
_PORTA                                        (abs)        000F80
_PORTB                                        (abs)        000F81
_PORTBbits                                    (abs)        000F81
_PORTC                                        (abs)        000F82
_PORTD                                        (abs)        000F83
_PORTE                                        (abs)        000F84
_PR2                                          (abs)        000FCB
_RB4_Flag                                     dataCOMRAM   000053
_RB4_ISR                                      text47       003928
_RB4_InterruptHandler_high                    bssBANK0     0000B2
_RB4_InterruptHandler_low                     bssBANK0     0000B0
_RB5_Flag                                     dataCOMRAM   000052
_RB5_ISR                                      text46       00390E
_RB5_InterruptHandler_high                    bssBANK0     0000AE
_RB5_InterruptHandler_low                     bssBANK0     0000AC
_RB6_Flag                                     dataCOMRAM   000051
_RB6_ISR                                      text45       0038F4
_RB6_InterruptHandler_high                    bssBANK0     0000AA
_RB6_InterruptHandler_low                     bssBANK0     0000A8
_RB7_Flag                                     dataCOMRAM   000050
_RB7_ISR                                      text44       0038DA
_RB7_InterruptHandler_high                    bssBANK0     0000A6
_RB7_InterruptHandler_low                     bssBANK0     0000A4
_RCONbits                                     (abs)        000FD0
_RCREG                                        (abs)        000FAE
_RCSTAbits                                    (abs)        000FAB
_SPBRG                                        (abs)        000FAF
_SPBRGH                                       (abs)        000FB0
_SPI_InterruptHandler                         bssBANK0     0000A2
_SSPADD                                       (abs)        000FC8
_SSPBUF                                       (abs)        000FC9
_SSPCON1                                      (abs)        000FC6
_SSPCON1bits                                  (abs)        000FC6
_SSPCON2                                      (abs)        000FC5
_SSPCON2bits                                  (abs)        000FC5
_SSPSTAT                                      (abs)        000FC7
_SSPSTATbits                                  (abs)        000FC7
_T0CONbits                                    (abs)        000FD5
_T1CONbits                                    (abs)        000FCD
_T2CONbits                                    (abs)        000FCA
_T3CONbits                                    (abs)        000FB1
_TMR0H                                        (abs)        000FD7
_TMR0L                                        (abs)        000FD6
_TMR0_ISR                                     text43       0039B0
_TMR0_InterruptHandler                        bssBANK0     0000A0
_TMR1H                                        (abs)        000FCF
_TMR1L                                        (abs)        000FCE
_TMR1_ISR                                     text42       0039A2
_TMR1_InterruptHandler                        bssBANK0     00009C
_TMR2                                         (abs)        000FCC
_TMR2_ISR                                     text41       003A22
_TMR2_InterruptHandler                        bssBANK0     000098
_TMR3H                                        (abs)        000FB3
_TMR3L                                        (abs)        000FB2
_TMR3_InterruptHandler                        bssBANK0     000096
_TRISA                                        (abs)        000F92
_TRISB                                        (abs)        000F93
_TRISC                                        (abs)        000F94
_TRISCbits                                    (abs)        000F94
_TRISD                                        (abs)        000F95
_TRISE                                        (abs)        000F96
_TXREG                                        (abs)        000FAD
_TXSTAbits                                    (abs)        000FAC
_Timer2_Init                                  text9        003216
__HRAM                                        (abs)        000000
__H__absolute__                               __absolute__ 000000
__Habs1                                       abs1         000000
__Hbank0                                      bank0        000000
__Hbank1                                      bank1        000000
__Hbank10                                     bank10       000000
__Hbank11                                     bank11       000000
__Hbank12                                     bank12       000000
__Hbank13                                     bank13       000000
__Hbank14                                     bank14       000000
__Hbank15                                     bank15       000000
__Hbank2                                      bank2        000000
__Hbank3                                      bank3        000000
__Hbank4                                      bank4        000000
__Hbank5                                      bank5        000000
__Hbank6                                      bank6        000000
__Hbank7                                      bank7        000000
__Hbank8                                      bank8        000000
__Hbank9                                      bank9        000000
__Hbigbss                                     bigbss       000000
__Hbigdata                                    bigdata      000000
__Hbigram                                     bigram       000000
__Hbigsfr                                     bigsfr       000000
__Hbss                                        bss          000000
__HbssBANK0                                   bssBANK0     000000
__HbssBANK1                                   bssBANK1     000000
__HbssCOMRAM                                  bssCOMRAM    000000
__Hcinit                                      cinit        000000
__Hclrtext                                    clrtext      000000
__Hcomram                                     comram       000000
__Hconfig                                     config       30000E
__Hconst                                      const        000000
__HcstackBANK0                                cstackBANK0  000000
__HcstackBANK1                                cstackBANK1  000000
__HcstackCOMRAM                               cstackCOMRAM 000000
__Hdata                                       data         000000
__HdataBANK0                                  dataBANK0    000000
__HdataBANK1                                  dataBANK1    000000
__HdataCOMRAM                                 dataCOMRAM   000000
__Heeprom_data                                eeprom_data  000000
__Hfarbss                                     farbss       000000
__Hfardata                                    fardata      000000
__Hheap                                       heap         000000
__Hibigdata                                   ibigdata     000000
__Hidata                                      idata        000000
__HidataBANK0                                 idataBANK0   000000
__HidataBANK1                                 idataBANK1   000000
__HidataCOMRAM                                idataCOMRAM  000000
__Hidloc                                      idloc        000000
__Hifardata                                   ifardata     000000
__Hinit                                       init         000012
__Hintcode                                    intcode      00000E
__Hintcode_body                               intcode_body 000000
__Hintcodelo                                  intcodelo    00000E
__Hintentry                                   intentry     000000
__Hintret                                     intret       000000
__Hintsave_regs                               intsave_regs 000000
__Hirdata                                     irdata       000000
__Hmediumconst                                mediumconst  000000
__HnvFARRAM                                   nvFARRAM     000000
__Hnvbit                                      nvbit        000000
__Hnvrram                                     nvrram       000000
__Hparam                                      rparam       000000
__Hpowerup                                    powerup      00000E
__Hram                                        ram          000000
__Hramtop                                     ramtop       001000
__Hrbit                                       rbit         000000
__Hrbss                                       rbss         000000
__Hrdata                                      rdata        000000
__Hreset_vec                                  reset_vec    000004
__Hrparam                                     rparam       000000
__Hsfr                                        sfr          000000
__Hsmallconst                                 smallconst   001006
__Hspace_0                                    (abs)        003A60
__Hspace_1                                    (abs)        000155
__Hspace_2                                    (abs)        000000
__Hspace_4                                    (abs)        60000E
__Hstack                                      stack        000000
__Hstruct                                     struct       000000
__Htemp                                       temp         000068
__Htext                                       text         000000
__Htext0                                      text0        000000
__Htext1                                      text1        000000
__Htext10                                     text10       000000
__Htext11                                     text11       000000
__Htext12                                     text12       000000
__Htext13                                     text13       000000
__Htext14                                     text14       000000
__Htext15                                     text15       000000
__Htext16                                     text16       000000
__Htext17                                     text17       000000
__Htext18                                     text18       000000
__Htext19                                     text19       000000
__Htext2                                      text2        000000
__Htext20                                     text20       000000
__Htext21                                     text21       000000
__Htext22                                     text22       000000
__Htext23                                     text23       000000
__Htext24                                     text24       000000
__Htext25                                     text25       000000
__Htext26                                     text26       000000
__Htext27                                     text27       000000
__Htext28                                     text28       000000
__Htext29                                     text29       000000
__Htext3                                      text3        000000
__Htext30                                     text30       000000
__Htext31                                     text31       000000
__Htext32                                     text32       000000
__Htext33                                     text33       000000
__Htext34                                     text34       000000
__Htext35                                     text35       000000
__Htext36                                     text36       000000
__Htext37                                     text37       000000
__Htext38                                     text38       000000
__Htext39                                     text39       000000
__Htext4                                      text4        000000
__Htext41                                     text41       000000
__Htext42                                     text42       000000
__Htext43                                     text43       000000
__Htext44                                     text44       000000
__Htext45                                     text45       000000
__Htext46                                     text46       000000
__Htext47                                     text47       000000
__Htext48                                     text48       000000
__Htext49                                     text49       000000
__Htext5                                      text5        000000
__Htext50                                     text50       000000
__Htext51                                     text51       000000
__Htext52                                     text52       000000
__Htext53                                     text53       000000
__Htext54                                     text54       000000
__Htext55                                     text55       000000
__Htext56                                     text56       000000
__Htext57                                     text57       000000
__Htext58                                     text58       000000
__Htext59                                     text59       000000
__Htext6                                      text6        000000
__Htext60                                     text60       000000
__Htext61                                     text61       000000
__Htext62                                     text62       000000
__Htext63                                     text63       000000
__Htext64                                     text64       000000
__Htext65                                     text65       000000
__Htext66                                     text66       000000
__Htext67                                     text67       000000
__Htext68                                     text68       000000
__Htext69                                     text69       000000
__Htext7                                      text7        000000
__Htext70                                     text70       000000
__Htext71                                     text71       000000
__Htext72                                     text72       000000
__Htext73                                     text73       000000
__Htext8                                      text8        000000
__Htext9                                      text9        000000
__LRAM                                        (abs)        000001
__L__absolute__                               __absolute__ 000000
__Labs1                                       abs1         000000
__Lbank0                                      bank0        000000
__Lbank1                                      bank1        000000
__Lbank10                                     bank10       000000
__Lbank11                                     bank11       000000
__Lbank12                                     bank12       000000
__Lbank13                                     bank13       000000
__Lbank14                                     bank14       000000
__Lbank15                                     bank15       000000
__Lbank2                                      bank2        000000
__Lbank3                                      bank3        000000
__Lbank4                                      bank4        000000
__Lbank5                                      bank5        000000
__Lbank6                                      bank6        000000
__Lbank7                                      bank7        000000
__Lbank8                                      bank8        000000
__Lbank9                                      bank9        000000
__Lbigbss                                     bigbss       000000
__Lbigdata                                    bigdata      000000
__Lbigram                                     bigram       000000
__Lbigsfr                                     bigsfr       000000
__Lbss                                        bss          000000
__LbssBANK0                                   bssBANK0     000000
__LbssBANK1                                   bssBANK1     000000
__LbssCOMRAM                                  bssCOMRAM    000000
__Lcinit                                      cinit        000000
__Lclrtext                                    clrtext      000000
__Lcomram                                     comram       000000
__Lconfig                                     config       000000
__Lconst                                      const        000000
__LcstackBANK0                                cstackBANK0  000000
__LcstackBANK1                                cstackBANK1  000000
__LcstackCOMRAM                               cstackCOMRAM 000000
__Ldata                                       data         000000
__LdataBANK0                                  dataBANK0    000000
__LdataBANK1                                  dataBANK1    000000
__LdataCOMRAM                                 dataCOMRAM   000000
__Leeprom_data                                eeprom_data  000000
__Lfarbss                                     farbss       000000
__Lfardata                                    fardata      000000
__Lheap                                       heap         000000
__Libigdata                                   ibigdata     000000
__Lidata                                      idata        000000
__LidataBANK0                                 idataBANK0   000000
__LidataBANK1                                 idataBANK1   000000
__LidataCOMRAM                                idataCOMRAM  000000
__Lidloc                                      idloc        000000
__Lifardata                                   ifardata     000000
__Linit                                       init         00000E
__Lintcode                                    intcode      000008
__Lintcode_body                               intcode_body 000000
__Lintcodelo                                  intcodelo    00000E
__Lintentry                                   intentry     000000
__Lintret                                     intret       000000
__Lintsave_regs                               intsave_regs 000000
__Lirdata                                     irdata       000000
__Lmediumconst                                mediumconst  000000
__LnvFARRAM                                   nvFARRAM     000000
__Lnvbit                                      nvbit        000000
__Lnvrram                                     nvrram       000000
__Lparam                                      rparam       000000
__Lpowerup                                    powerup      00000E
__Lram                                        ram          000000
__Lramtop                                     ramtop       001000
__Lrbit                                       rbit         000000
__Lrbss                                       rbss         000000
__Lrdata                                      rdata        000000
__Lreset_vec                                  reset_vec    000000
__Lrparam                                     rparam       000000
__Lsfr                                        sfr          000000
__Lsmallconst                                 smallconst   001000
__Lspace_0                                    (abs)        000000
__Lspace_1                                    (abs)        000000
__Lspace_2                                    (abs)        000000
__Lspace_4                                    (abs)        000000
__Lstack                                      stack        000000
__Lstruct                                     struct       000000
__Ltemp                                       temp         000067
__Ltext                                       text         000000
__Ltext0                                      text0        000000
__Ltext1                                      text1        000000
__Ltext10                                     text10       000000
__Ltext11                                     text11       000000
__Ltext12                                     text12       000000
__Ltext13                                     text13       000000
__Ltext14                                     text14       000000
__Ltext15                                     text15       000000
__Ltext16                                     text16       000000
__Ltext17                                     text17       000000
__Ltext18                                     text18       000000
__Ltext19                                     text19       000000
__Ltext2                                      text2        000000
__Ltext20                                     text20       000000
__Ltext21                                     text21       000000
__Ltext22                                     text22       000000
__Ltext23                                     text23       000000
__Ltext24                                     text24       000000
__Ltext25                                     text25       000000
__Ltext26                                     text26       000000
__Ltext27                                     text27       000000
__Ltext28                                     text28       000000
__Ltext29                                     text29       000000
__Ltext3                                      text3        000000
__Ltext30                                     text30       000000
__Ltext31                                     text31       000000
__Ltext32                                     text32       000000
__Ltext33                                     text33       000000
__Ltext34                                     text34       000000
__Ltext35                                     text35       000000
__Ltext36                                     text36       000000
__Ltext37                                     text37       000000
__Ltext38                                     text38       000000
__Ltext39                                     text39       000000
__Ltext4                                      text4        000000
__Ltext41                                     text41       000000
__Ltext42                                     text42       000000
__Ltext43                                     text43       000000
__Ltext44                                     text44       000000
__Ltext45                                     text45       000000
__Ltext46                                     text46       000000
__Ltext47                                     text47       000000
__Ltext48                                     text48       000000
__Ltext49                                     text49       000000
__Ltext5                                      text5        000000
__Ltext50                                     text50       000000
__Ltext51                                     text51       000000
__Ltext52                                     text52       000000
__Ltext53                                     text53       000000
__Ltext54                                     text54       000000
__Ltext55                                     text55       000000
__Ltext56                                     text56       000000
__Ltext57                                     text57       000000
__Ltext58                                     text58       000000
__Ltext59                                     text59       000000
__Ltext6                                      text6        000000
__Ltext60                                     text60       000000
__Ltext61                                     text61       000000
__Ltext62                                     text62       000000
__Ltext63                                     text63       000000
__Ltext64                                     text64       000000
__Ltext65                                     text65       000000
__Ltext66                                     text66       000000
__Ltext67                                     text67       000000
__Ltext68                                     text68       000000
__Ltext69                                     text69       000000
__Ltext7                                      text7        000000
__Ltext70                                     text70       000000
__Ltext71                                     text71       000000
__Ltext72                                     text72       000000
__Ltext73                                     text73       000000
__Ltext8                                      text8        000000
__Ltext9                                      text9        000000
__S0                                          (abs)        003A60
__S1                                          (abs)        000155
__S4                                          (abs)        000000
__S5                                          (abs)        000000
___awdiv                                      text63       003014
___awdiv@counter                              cstackCOMRAM 000005
___awdiv@dividend                             cstackCOMRAM 000001
___awdiv@divisor                              cstackCOMRAM 000003
___awdiv@quotient                             cstackCOMRAM 000007
___awdiv@sign                                 cstackCOMRAM 000006
___awmod                                      text62       0030D8
___awmod@counter                              cstackCOMRAM 000005
___awmod@dividend                             cstackCOMRAM 000001
___awmod@divisor                              cstackCOMRAM 000003
___awmod@sign                                 cstackCOMRAM 000006
___fladd                                      text39       001006
___fladd@a                                    cstackBANK0  0000F8
___fladd@aexp                                 cstackBANK0  0000FD
___fladd@b                                    cstackBANK0  0000F4
___fladd@bexp                                 cstackBANK0  0000FE
___fladd@grs                                  cstackBANK0  0000FF
___fladd@signs                                cstackBANK0  0000FC
___fldiv                                      text38       001C90
___fldiv@a                                    cstackCOMRAM 000044
___fldiv@aexp                                 cstackBANK0  0000F3
___fldiv@b                                    cstackCOMRAM 000040
___fldiv@bexp                                 cstackBANK0  0000F2
___fldiv@grs                                  cstackBANK0  0000EE
___fldiv@new_exp                              cstackBANK0  0000EC
___fldiv@rem                                  cstackBANK0  0000E7
___fldiv@sign                                 cstackBANK0  0000EB
___flmul                                      text37       0014C8
___flmul@a                                    cstackCOMRAM 00002B
___flmul@aexp                                 cstackCOMRAM 000034
___flmul@b                                    cstackCOMRAM 000027
___flmul@bexp                                 cstackCOMRAM 000039
___flmul@grs                                  cstackCOMRAM 000035
___flmul@prod                                 cstackCOMRAM 00003A
___flmul@sign                                 cstackCOMRAM 000033
___flmul@temp                                 cstackCOMRAM 00003E
___fltol                                      text36       002E10
___fltol@exp1                                 cstackBANK1  000137
___fltol@f1                                   cstackBANK1  00012E
___fltol@sign1                                cstackBANK1  000136
___heap_hi                                    (abs)        000000
___heap_lo                                    (abs)        000000
___inthi_sp                                   stack        000000
___inthi_stack_hi                             stack        000000
___inthi_stack_lo                             stack        000000
___intlo_sp                                   stack        000000
___intlo_stack_hi                             stack        000000
___intlo_stack_lo                             stack        000000
___param_bank                                 (abs)        000000
___rparam_used                                (abs)        000001
___sp                                         stack        000000
___stack_hi                                   stack        000000
___stack_lo                                   stack        000000
___xxtofl                                     text35       00220A
___xxtofl@arg                                 cstackCOMRAM 000023
___xxtofl@exp                                 cstackCOMRAM 000022
___xxtofl@sign                                cstackCOMRAM 000021
___xxtofl@val                                 cstackCOMRAM 000019
__accesstop                                   (abs)        000080
__activetblptr                                (abs)        000003
__end_of_ADC_ISR                              text72       003A5E
__end_of_CCP_Capture_Mode_Config              text20       002A7C
__end_of_CCP_Compare_Mode_Config              text19       0026B8
__end_of_CCP_Init                             text13       002CEA
__end_of_CCP_Interrupt_Config                 text18       003796
__end_of_CCP_Mode_Timer_Select                text21       00338C
__end_of_CCP_PWM_Mode_Config                  text17       00220A
__end_of_CCP_PWM_Set_Duty                     text34       002550
__end_of_CCP_PWM_Start                        text33       003510
__end_of_I2C_Initialize                       text12       0039A2
__end_of_I2C_Isr                              text51       003014
__end_of_I2C_Open                             text22       0034B4
__end_of_I2C_SlaveAddrCallBack                text69       00384E
__end_of_I2C_SlaveClearIrq                    text68       003A56
__end_of_I2C_SlaveDefAddrInterruptHandler     text70       003A1A
__end_of_I2C_SlaveDefRdInterruptHandler       text57       003A10
__end_of_I2C_SlaveDefWrInterruptHandler       text53       003A32
__end_of_I2C_SlaveEnableIrq                   text32       003A42
__end_of_I2C_SlaveGetRxData                   text71       003A5A
__end_of_I2C_SlaveIsAddr                      text67       003992
__end_of_I2C_SlaveIsRead                      text66       00397E
__end_of_I2C_SlaveIsRxBufFull                 text65       00396A
__end_of_I2C_SlaveIsTxBufEmpty                text64       003956
__end_of_I2C_SlaveOpen                        text31       0038DA
__end_of_I2C_SlaveRdCallBack                  text56       003820
__end_of_I2C_SlaveReleaseClock                text55       003A52
__end_of_I2C_SlaveSendTxData                  text54       003A3A
__end_of_I2C_SlaveSetAddrIntHandler           text30       003A06
__end_of_I2C_SlaveSetBusColIntHandler         text29       0039FC
__end_of_I2C_SlaveSetIsrHandler               text28       0039F2
__end_of_I2C_SlaveSetReadIntHandler           text27       0039E8
__end_of_I2C_SlaveSetSlaveAddr                text26       003A22
__end_of_I2C_SlaveSetSlaveMask                text25       003A60
__end_of_I2C_SlaveSetWrColIntHandler          text24       0039DE
__end_of_I2C_SlaveSetWriteIntHandler          text23       0039D4
__end_of_I2C_SlaveWrCallBack                  text52       0037F2
__end_of_INT0_ISR                             text50       003A4E
__end_of_INT1_ISR                             text49       003A4A
__end_of_INT2_ISR                             text48       003A46
__end_of_INTERRUPT_Initialize                 text11       003A3E
__end_of_INTERRUPT_InterruptManager           intcode_body 001C90
__end_of_Initialize                           text5        003456
__end_of_MY_I2C_slave_ISR                     text58       003874
__end_of_PIN_MANAGER_Initialize               text10       003898
__end_of_RB4_ISR                              text47       003942
__end_of_RB5_ISR                              text46       003928
__end_of_RB6_ISR                              text45       00390E
__end_of_RB7_ISR                              text44       0038F4
__end_of_TMR0_ISR                             text43       0039BE
__end_of_TMR1_ISR                             text42       0039B0
__end_of_TMR2_ISR                             text41       003A2A
__end_of_Timer2_Init                          text9        0032A4
__end_of___awdiv                              text63       0030D8
__end_of___awmod                              text62       003188
__end_of___fladd                              text39       0014C8
__end_of___fldiv                              text38       00202C
__end_of___flmul                              text37       0018F2
__end_of___fltol                              text36       002F18
__end_of___xxtofl                             text35       0023BE
__end_of__initialization                      cinit        00320C
__end_of_dc_motor_init                        text8        0036D4
__end_of_dc_motor_move_right                  text4        003560
__end_of_dc_motor_stop                        text3        0035AE
__end_of_gpio_pin_direction_init              text16       00293C
__end_of_gpio_pin_logic_write                 text15       0027FA
__end_of_gpio_pin_output_low_init             text14       0033F8
__end_of_led_init                             text7        00368E
__end_of_led_off                              text2        003646
__end_of_led_on                               text1        0035FA
__end_of_main                                 text0        002E10
__end_of_print_num_7seg                       text59       00371A
__end_of_seven_segment_init                   text6        00375C
__end_of_seven_segment_write                  text60       00331C
__end_ofi2_gpio_pin_logic_write               text61       002BB4
__initialization                              cinit        003188
__mediumconst                                 mediumconst  000000
__pbssBANK0                                   bssBANK0     000080
__pbssBANK1                                   bssBANK1     000148
__pbssCOMRAM                                  bssCOMRAM    00005C
__pcinit                                      cinit        003188
__pcstackBANK0                                cstackBANK0  0000E7
__pcstackBANK1                                cstackBANK1  00012E
__pcstackCOMRAM                               cstackCOMRAM 000001
__pdataBANK0                                  dataBANK0    0000C4
__pdataBANK1                                  dataBANK1    000100
__pdataCOMRAM                                 dataCOMRAM   000050
__pidataBANK0                                 idataBANK0   003898
__pidataBANK1                                 idataBANK1   003796
__pidataCOMRAM                                idataCOMRAM  0039BE
__pintcode                                    intcode      000008
__pintcode_body                               intcode_body 0018F2
__psmallconst                                 smallconst   001000
__ptext0                                      text0        002CEA
__ptext1                                      text1        0035AE
__ptext10                                     text10       003874
__ptext11                                     text11       003A3A
__ptext12                                     text12       003992
__ptext13                                     text13       002BB4
__ptext14                                     text14       00338C
__ptext15                                     text15       0026B8
__ptext16                                     text16       0027FA
__ptext17                                     text17       00202C
__ptext18                                     text18       00375C
__ptext19                                     text19       002550
__ptext2                                      text2        0035FA
__ptext20                                     text20       00293C
__ptext21                                     text21       00331C
__ptext22                                     text22       003456
__ptext23                                     text23       0039CA
__ptext24                                     text24       0039D4
__ptext25                                     text25       003A5E
__ptext26                                     text26       003A1A
__ptext27                                     text27       0039DE
__ptext28                                     text28       0039E8
__ptext29                                     text29       0039F2
__ptext3                                      text3        003560
__ptext30                                     text30       0039FC
__ptext31                                     text31       0038BC
__ptext32                                     text32       003A3E
__ptext33                                     text33       0034B4
__ptext34                                     text34       0023BE
__ptext35                                     text35       00220A
__ptext36                                     text36       002E10
__ptext37                                     text37       0014C8
__ptext38                                     text38       001C90
__ptext39                                     text39       001006
__ptext4                                      text4        003510
__ptext41                                     text41       003A22
__ptext42                                     text42       0039A2
__ptext43                                     text43       0039B0
__ptext44                                     text44       0038DA
__ptext45                                     text45       0038F4
__ptext46                                     text46       00390E
__ptext47                                     text47       003928
__ptext48                                     text48       003A42
__ptext49                                     text49       003A46
__ptext5                                      text5        0033F8
__ptext50                                     text50       003A4A
__ptext51                                     text51       002F18
__ptext52                                     text52       0037C4
__ptext53                                     text53       003A2A
__ptext54                                     text54       003A32
__ptext55                                     text55       003A4E
__ptext56                                     text56       0037F2
__ptext57                                     text57       003A06
__ptext58                                     text58       00384E
__ptext59                                     text59       0036D4
__ptext6                                      text6        00371A
__ptext60                                     text60       0032A4
__ptext61                                     text61       002A7C
__ptext62                                     text62       0030D8
__ptext63                                     text63       003014
__ptext64                                     text64       003942
__ptext65                                     text65       003956
__ptext66                                     text66       00396A
__ptext67                                     text67       00397E
__ptext68                                     text68       003A52
__ptext69                                     text69       003820
__ptext7                                      text7        003646
__ptext70                                     text70       003A10
__ptext71                                     text71       003A56
__ptext72                                     text72       003A5A
__ptext73                                     text73       000000
__ptext8                                      text8        00368E
__ptext9                                      text9        003216
__ramtop                                      ramtop       001000
__smallconst                                  smallconst   001000
_ccp1                                         dataBANK1    00011A
_dc_motor_init                                text8        00368E
_dc_motor_move_right                          text4        003510
_dc_motor_stop                                text3        003560
_gpio_pin_direction_init                      text16       0027FA
_gpio_pin_logic_write                         text15       0026B8
_gpio_pin_output_low_init                     text14       00338C
_i2cRdData                                    bssBANK0     0000C1
_i2cSlaveAddr                                 bssBANK0     0000C0
_i2cSlaveState                                bssCOMRAM    00005D
_i2cWrData                                    bssCOMRAM    00005E
_keypad_btns                                  dataBANK1    000100
_latx                                         dataBANK0    0000C4
_led_blue                                     dataBANK0    0000E3
_led_init                                     text7        003646
_led_off                                      text2        0035FA
_led_on                                       text1        0035AE
_led_red                                      dataBANK0    0000E5
_main                                         text0        002CEA
_main$5878                                    cstackBANK1  000147
_motor1                                       dataBANK0    0000E0
_motor2                                       dataBANK0    0000DD
_n                                            dataCOMRAM   00005B
_portx                                        dataBANK1    000110
_print_num_7seg                               text59       0036D4
_seg_1                                        dataBANK0    0000D8
_seg_2                                        dataBANK1    000129
_seven_segment_init                           text6        00371A
_seven_segment_write                          text60       0032A4
_timer0_preload                               bssBANK0     00009E
_timer1_preload                               bssBANK0     00009A
_timer2                                       bssBANK1     00014E
_timer2_preload                               bssCOMRAM    00005F
_timer3_preload                               bssBANK0     000094
_trisx                                        dataBANK0    0000CE
_var_slave                                    bssCOMRAM    00005C
btemp                                         temp         000067
dc_motor_init@dc_motor                        cstackCOMRAM 000027
dc_motor_init@gpio_ret                        cstackCOMRAM 000029
dc_motor_move_right@dc_motor                  cstackCOMRAM 000022
dc_motor_move_right@gpio_ret                  cstackCOMRAM 000024
dc_motor_stop@dc_motor                        cstackCOMRAM 000022
dc_motor_stop@gpio_ret                        cstackCOMRAM 000024
end_of_initialization                         cinit        00320C
gpio_pin_direction_init@pin                   cstackCOMRAM 000019
gpio_pin_direction_init@pin_direction         cstackCOMRAM 00001B
gpio_pin_direction_init@ret                   cstackCOMRAM 000021
gpio_pin_logic_write@pin                      cstackCOMRAM 000019
gpio_pin_logic_write@pin_logic                cstackCOMRAM 00001B
gpio_pin_logic_write@ret                      cstackCOMRAM 000021
gpio_pin_output_low_init@gpio_ret             cstackCOMRAM 000025
gpio_pin_output_low_init@pin                  cstackCOMRAM 000022
gpio_pin_output_low_init@ret                  cstackCOMRAM 000026
i2_gpio_pin_logic_write                       text61       002A7C
i2gpio_pin_logic_write@pin                    cstackCOMRAM 000001
i2gpio_pin_logic_write@pin_logic              cstackCOMRAM 000003
int$flags                                     temp         000067
int_func                                      intcode_body 0018F2
intlevel0                                     text         000000
intlevel1                                     text         000000
intlevel2                                     text         000000
intlevel3                                     text         000000
isa$std                                       (abs)        000001
isa$xinst                                     (abs)        000000
lcd_send_custom_char@counter                  bssCOMRAM    000062
lcd_send_number@number                        bssCOMRAM    000066
lcd_send_number_pos@number                    bssCOMRAM    000065
led_init@gpio_ret                             cstackCOMRAM 000028
led_init@led                                  cstackCOMRAM 000027
led_off@gpio_ret                              cstackCOMRAM 000023
led_off@led                                   cstackCOMRAM 000022
led_on@gpio_ret                               cstackCOMRAM 000023
led_on@led                                    cstackCOMRAM 000022
print_num_7seg@num                            cstackCOMRAM 00000F
seven_segment_init@counter                    bssCOMRAM    000064
seven_segment_init@gpio_ret                   cstackCOMRAM 000029
seven_segment_init@seg                        cstackCOMRAM 000027
seven_segment_write@counter                   bssCOMRAM    000063
seven_segment_write@gpio_ret                  cstackCOMRAM 00000E
seven_segment_write@num                       cstackCOMRAM 00000B
seven_segment_write@seg                       cstackCOMRAM 000009
stackhi                                       (abs)        000000
stacklo                                       (abs)        000000
start                                         init         00000E
start_initialization                          cinit        003188
ttemp5                                        temp         000068
ttemp6                                        temp         00006B
ttemp7                                        temp         00006F
wtemp8                                        temp         000068


MODULE INFORMATION

Module		Function		Class		Link	Load	Size
mcc_generated_files/i2c_slave.c
		_I2C_SlaveDefRdInterruptHandler		CODE           	3A06	0000	10
		_I2C_SlaveDefWrInterruptHandler		CODE           	3A2A	0000	8
		_I2C_SlaveSetWrColIntHandler		CODE           	39D4	0000	10
		_I2C_SlaveSetWriteIntHandler		CODE           	39CA	0000	10
		_I2C_SlaveOpen 		CODE           	38BC	0000	30
		_I2C_SlaveSetSlaveAddr		CODE           	3A1A	0000	8
		_I2C_SlaveIsRxBufFull		CODE           	3956	0000	20
		_I2C_SlaveClearIrq		CODE           	3A52	0000	4
		_I2C_SlaveGetRxData		CODE           	3A56	0000	4
		_I2C_SlaveSetSlaveMask		CODE           	3A5E	0000	2
		_I2C_Isr       		CODE           	2F18	0000	252
		_I2C_SlaveDefAddrInterruptHandler		CODE           	3A10	0000	10
		_I2C_Open      		CODE           	3456	0000	94
		_I2C_SlaveIsRead		CODE           	396A	0000	20
		_I2C_SlaveSetIsrHandler		CODE           	39E8	0000	10
		_I2C_SlaveIsAddr		CODE           	397E	0000	20
		_I2C_SlaveSetBusColIntHandler		CODE           	39F2	0000	10
		_I2C_SlaveEnableIrq		CODE           	3A3E	0000	4
		_I2C_SlaveSendTxData		CODE           	3A32	0000	8
		_I2C_SlaveRdCallBack		CODE           	37F2	0000	46
		_I2C_SlaveWrCallBack		CODE           	37C4	0000	46
		_I2C_SlaveSetReadIntHandler		CODE           	39DE	0000	10
		_I2C_SlaveAddrCallBack		CODE           	3820	0000	46
		_I2C_Initialize		CODE           	3992	0000	16
		_I2C_SlaveIsTxBufEmpty		CODE           	3942	0000	20
		_I2C_SlaveSetAddrIntHandler		CODE           	39FC	0000	10
		_I2C_SlaveReleaseClock		CODE           	3A4E	0000	4

mcc_generated_files/i2c_slave.c estimated size: 732

mcc_generated_files/interrupt_manager.c
		_INTERRUPT_Initialize		CODE           	3A3A	0000	4
		_INTERRUPT_InterruptManager		CODE           	0008	0000	932

mcc_generated_files/interrupt_manager.c estimated size: 936

mcc_generated_files/pin_manager.c
		_PIN_MANAGER_Initialize		CODE           	3874	0000	36

mcc_generated_files/pin_manager.c estimated size: 36

MCAL/ADC/adc.c
		_ADC_ISR       		CODE           	3A5A	0000	4

MCAL/ADC/adc.c estimated size: 4

MCAL/GPIO/gpio.c
		_gpio_pin_logic_write		CODE           	26B8	0000	322
		_gpio_pin_direction_init		CODE           	27FA	0000	322
		_gpio_pin_output_low_init		CODE           	338C	0000	108

MCAL/GPIO/gpio.c estimated size: 752

MCAL/INTERRUPT/mcal_external_interrupt.c
		_RB4_ISR       		CODE           	3928	0000	26
		_RB5_ISR       		CODE           	390E	0000	26
		_RB6_ISR       		CODE           	38F4	0000	26
		_RB7_ISR       		CODE           	38DA	0000	26
		_INT0_ISR      		CODE           	3A4A	0000	4
		_INT1_ISR      		CODE           	3A46	0000	4
		_INT2_ISR      		CODE           	3A42	0000	4

MCAL/INTERRUPT/mcal_external_interrupt.c estimated size: 116

C:\Program Files\Microchip\xc8\v2.45\pic\sources\c99\common\sprcmul.c
		___flmul       		CODE           	14C8	0000	1066

C:\Program Files\Microchip\xc8\v2.45\pic\sources\c99\common\sprcmul.c estimated size: 1066

C:\Program Files\Microchip\xc8\v2.45\pic\sources\c99\common\sprcdiv.c
		___fldiv       		CODE           	1C90	0000	924

C:\Program Files\Microchip\xc8\v2.45\pic\sources\c99\common\sprcdiv.c estimated size: 924

mcc_generated_files/init.c
		_Initialize    		CODE           	33F8	0000	94

mcc_generated_files/init.c estimated size: 94

C:\Program Files\Microchip\xc8\v2.45\pic\sources\c99\common\awmod.c
		___awmod       		CODE           	30D8	0000	176

C:\Program Files\Microchip\xc8\v2.45\pic\sources\c99\common\awmod.c estimated size: 176

shared
		__initialization		CODE           	3188	0000	132
		i2_gpio_pin_logic_write		CODE           	2A7C	0000	312

shared estimated size: 444

C:\Program Files\Microchip\xc8\v2.45\pic\sources\c99\common\xxtofl.c
		___xxtofl      		CODE           	220A	0000	436

C:\Program Files\Microchip\xc8\v2.45\pic\sources\c99\common\xxtofl.c estimated size: 436

ECUAL/LED/led.c
		_led_init      		CODE           	3646	0000	72
		_led_off       		CODE           	35FA	0000	76
		_led_on        		CODE           	35AE	0000	76

ECUAL/LED/led.c estimated size: 224

MCAL/CCP/hal_ccp.c
		_CCP_Capture_Mode_Config		CODE           	293C	0000	320
		_CCP_Mode_Timer_Select		CODE           	331C	0000	112
		_CCP_PWM_Mode_Config		CODE           	202C	0000	478
		_CCP_Init      		CODE           	2BB4	0000	310
		_CCP_PWM_Start 		CODE           	34B4	0000	92
		_CCP_PWM_Set_Duty		CODE           	23BE	0000	402
		_CCP_Compare_Mode_Config		CODE           	2550	0000	360
		_CCP_Interrupt_Config		CODE           	375C	0000	58

MCAL/CCP/hal_ccp.c estimated size: 2132

app.c
		_MY_I2C_slave_ISR		CODE           	384E	0000	38
		_print_num_7seg		CODE           	36D4	0000	70
		_main          		CODE           	2CEA	0000	294

app.c estimated size: 402

MCAL/TIMER2/timer2.c
		_TMR2_ISR      		CODE           	3A22	0000	8
		_Timer2_Init   		CODE           	3216	0000	142

MCAL/TIMER2/timer2.c estimated size: 150

MCAL/TIMER1/timer1.c
		_TMR1_ISR      		CODE           	39A2	0000	14

MCAL/TIMER1/timer1.c estimated size: 14

C:\Program Files\Microchip\xc8\v2.45\pic\sources\c99\common\sprcadd.c
		___fladd       		CODE           	1006	0000	1218

C:\Program Files\Microchip\xc8\v2.45\pic\sources\c99\common\sprcadd.c estimated size: 1218

MCAL/TIMER0/timer0.c
		_TMR0_ISR      		CODE           	39B0	0000	14

MCAL/TIMER0/timer0.c estimated size: 14

ECUAL/7_SEGMENT/seven_segment.c
		_seven_segment_write		CODE           	32A4	0000	120
		_seven_segment_init		CODE           	371A	0000	66

ECUAL/7_SEGMENT/seven_segment.c estimated size: 186

C:\Program Files\Microchip\xc8\v2.45\pic\sources\c99\common\awdiv.c
		___awdiv       		CODE           	3014	0000	196

C:\Program Files\Microchip\xc8\v2.45\pic\sources\c99\common\awdiv.c estimated size: 196

C:\Program Files\Microchip\xc8\v2.45\pic\sources\c99\common\fltol.c
		___fltol       		CODE           	2E10	0000	264

C:\Program Files\Microchip\xc8\v2.45\pic\sources\c99\common\fltol.c estimated size: 264

ECUAL/DC_MOTOR/dc_motor.c
		_dc_motor_init 		CODE           	368E	0000	70
		_dc_motor_stop 		CODE           	3560	0000	78
		_dc_motor_move_right		CODE           	3510	0000	80

ECUAL/DC_MOTOR/dc_motor.c estimated size: 228

