Microchip MPLAB XC8 Compiler V2.36

Linker command line:

-W-3 --edf=C:\Program Files\Microchip\xc8\v2.36\pic\dat\en_msgs.txt -cn \
  -h+dist/default/production\smart_home_masterMCU.X.production.sym \
  --cmf=dist/default/production\smart_home_masterMCU.X.production.cmf -z \
  -Q18F4620 -oC:\Users\20128\AppData\Local\Temp\xcAso68.4 \
  --defsym=__MPLAB_BUILD=1 \
  -Mdist/default/production/smart_home_masterMCU.X.production.map \
  --md=C:\Users\20128\AppData\Local\Temp\xcAso68.dat -E1 -ver=XC8 Compiler \
  --acfsm=1493 -ACODE=00h-0FFFFh -ACONST=00h-0FFFFh \
  -ASMALLCONST=01000h-010FFhx240 -AMEDIUMCONST=01000h-0FFFFh \
  -ACOMRAM=01h-07Fh -AABS1=00h-0F7Fh -ABIGRAM=01h-0F7Fh \
  -ARAM=080h-0FFh,0100h-01FFhx14,0F00h-0F7Fh -ABANK0=080h-0FFh \
  -ABANK1=0100h-01FFh -ABANK2=0200h-02FFh -ABANK3=0300h-03FFh \
  -ABANK4=0400h-04FFh -ABANK5=0500h-05FFh -ABANK6=0600h-06FFh \
  -ABANK7=0700h-07FFh -ABANK8=0800h-08FFh -ABANK9=0900h-09FFh \
  -ABANK10=0A00h-0AFFh -ABANK11=0B00h-0BFFh -ABANK12=0C00h-0CFFh \
  -ABANK13=0D00h-0DFFh -ABANK14=0E00h-0EFFh -ABANK15=0F00h-0F7Fh \
  -ASFR=0F80h-0FFFh -ABIGSFR=0F80h-0FFFh -ACONFIG=0300000h-030000Dh \
  -AIDLOC=0200000h-0200007h -AEEDATA=0F00000h-0F003FFh -peeprom_data=EEDATA \
  -preset_vec=00h,intcode=08h,intcodelo,powerup,init -pramtop=01000h \
  -psmallconst=SMALLCONST -pmediumconst=MEDIUMCONST -pconst=CONST \
  -AFARRAM=00h-00h \
  -prdata=COMRAM,nvrram=COMRAM,nvbit=COMRAM,rbss=COMRAM,rbit=COMRAM \
  -pfarbss=FARRAM,fardata=FARRAM,nvFARRAM=FARRAM \
  -pintsave_regs=BIGRAM,bigbss=BIGRAM,bigdata=BIGRAM -pbss=RAM \
  -pidata=CODE,irdata=CODE,ibigdata=CODE,ifardata=CODE -prparam=COMRAM \
  C:\Users\20128\AppData\Local\Temp\xcAso68.o \
  dist/default/production\smart_home_masterMCU.X.production.o 

Object code version is 3.11

Machine type is 18F4620



                Name                               Link     Load   Length Selector   Space Scale
C:\Users\20128\AppData\Local\Temp\xcAso68.o
                config                           300000   300000        E        0       4
                init                                  E        E        4        4       0
                reset_vec                             0        0        4        0       0
dist/default/production\smart_home_masterMCU.X.production.o
                intcode                               8        8        6        4       0
                config                           300000   300000        E        0       4
                temp                                 59       59        1        1       1
                smallconst                         1000     1000       6A      800       0
                text181                            430A     430A       BA      835       0
                text180                            608C     608C       1C     2CDE       0
                text179                            6070     6070       1C     2CDE       0
                text178                            5DA4     5DA4       2E     2CDE       0
                text177                            63F2     63F2        2     2CDE       0
                text176                            63EA     63EA        4     2CDE       0
                text175                            4246     4246       C4      835       0
                text174                            4526     4526       B0      835       0
                text173                            2DF8     2DF8      194      835       0
                text172                            63E6     63E6        4     2CDE       0
                text171                            63E2     63E2        4     2CDE       0
                text170                            63DE     63DE        4     2CDE       0
                text169                            5EDA     5EDA       2C     2CDE       0
                text168                            63DA     63DA        4     2CDE       0
                text167                            63D6     63D6        4     2CDE       0
                text166                            63D2     63D2        4     2CDE       0
                text165                            5FCC     5FCC       24     2CDE       0
                text164                            4E84     4E84       7A      835       0
                text163                            618A     618A       18     2CDE       0
                text162                            5EAE     5EAE       2C     2CDE       0
                text161                            5E82     5E82       2C     2CDE       0
                text160                            5E56     5E56       2C     2CDE       0
                text159                            5E2A     5E2A       2C     2CDE       0
                text158                            5A86     5A86       40     2CDE       0
                text157                            63CE     63CE        4     2CDE       0
                text156                            63CA     63CA        4     2CDE       0
                text155                            63C6     63C6        4     2CDE       0
                text154                            6394     6394        6     2CDE       0
                text153                            63C2     63C2        4     2CDE       0
                text152                            638E     638E        6     2CDE       0
                text151                            637A     637A        8     2CDE       0
                text150                            620C     620C       14     2CDE       0
                text149                            63BE     63BE        4     2CDE       0
                text148                            4D14     4D14       7C      835       0
                text147                            631E     631E        C     2CDE       0
                text146                            62BE     62BE       10     2CDE       0
                text145                            62F8     62F8        E     2CDE       0
                text144                            4182     4182       C4      835       0
                text143                            472A     472A       A6      835       0
                text142                            6312     6312        C     2CDE       0
                text141                            6372     6372        8     2CDE       0
                text140                            636A     636A        8     2CDE       0
                text139                            6362     6362        8     2CDE       0
                text138                            635A     635A        8     2CDE       0
                text137                            6352     6352        8     2CDE       0
                text136                            634A     634A        8     2CDE       0
                text135                            6342     6342        8     2CDE       0
                text134                            6306     6306        C     2CDE       0
                text133                            557A     557A       66      835       0
                text132                            5222     5222       70      835       0
                text131                            62AE     62AE       10     2CDE       0
                text130                            6052     6052       1E     2CDE       0
                text129                            5A02     5A02       44     2CDE       0
                text128                            633A     633A        8     2CDE       0
                text127                            6012     6012       22     2CDE       0
                text126                            48F2     48F2       8E      835       0
                text125                            6172     6172       18     2CDE       0
                text124                            5300     5300       6E      835       0
                text123                            4F76     4F76       74      835       0
                text122                            54AC     54AC       68      835       0
                text121                            5D18     5D18       30     2CDE       0
                text120                            3E4A     3E4A       D6      835       0
                text119                            3D72     3D72       D8      835       0
                text118                            5D76     5D76       2E     2CDE       0
                text117                            5D48     5D48       2E     2CDE       0
                text116                            5CE8     5CE8       30     2CDE       0
                text115                            6110     6110       1A     2CDE       0
                text114                            60F6     60F6       1A     2CDE       0
                text113                            60DC     60DC       1A     2CDE       0
                text112                            60C2     60C2       1A     2CDE       0
                intcode_body                       2452     2452      346      835       0
                text110                            3C9A     3C9A       D8      835       0
                text109                            5B3C     5B3C       3A     2CDE       0
                text108                            5FA8     5FA8       24     2CDE       0
                text107                            5B02     5B02       3A     2CDE       0
                text106                            63BA     63BA        4     2CDE       0
                text105                            63B6     63B6        4     2CDE       0
                text104                            63B2     63B2        4     2CDE       0
                text103                            5DFE     5DFE       2C     2CDE       0
                text102                            63AE     63AE        4     2CDE       0
                text101                            63AA     63AA        4     2CDE       0
                text100                            63A6     63A6        4     2CDE       0
                text99                             5F84     5F84       24     2CDE       0
                text98                             4E0A     4E0A       7A      835       0
                text97                             615A     615A       18     2CDE       0
                text96                             5C4E     5C4E       36     2CDE       0
                text95                             5C18     5C18       36     2CDE       0
                text94                             5BE2     5BE2       36     2CDE       0
                text93                             5BAC     5BAC       36     2CDE       0
                text92                             5898     5898       4C      835       0
                text91                             62EA     62EA        E     2CDE       0
                text90                             62DC     62DC        E     2CDE       0
                text89                             63A2     63A2        4     2CDE       0
                text88                             6388     6388        6     2CDE       0
                text87                             639E     639E        4     2CDE       0
                text86                             6382     6382        6     2CDE       0
                text85                             6332     6332        8     2CDE       0
                text84                             61F8     61F8       14     2CDE       0
                text83                             639A     639A        4     2CDE       0
                text82                             4A90     4A90       88      835       0
                text81                             61CE     61CE       16     2CDE       0
                text80                             60A8     60A8       1A     2CDE       0
                text79                             6142     6142       18     2CDE       0
                text78                             3F20     3F20       D0      835       0
                text77                             43C4     43C4       B2      835       0
                text76                             61B8     61B8       16     2CDE       0
                text75                             628C     628C       12     2CDE       0
                text74                             627A     627A       12     2CDE       0
                text73                             6268     6268       12     2CDE       0
                text72                             6256     6256       12     2CDE       0
                text71                             6244     6244       12     2CDE       0
                text70                             6232     6232       12     2CDE       0
                text69                             6220     6220       12     2CDE       0
                text68                             61A2     61A2       16     2CDE       0
                text67                             5140     5140       72      835       0
                text66                             51B2     51B2       70      835       0
                text65                             629E     629E       10     2CDE       0
                text64                             6034     6034       1E     2CDE       0
                text63                             592C     592C       48      835       0
                text62                             632A     632A        8     2CDE       0
                text61                             5FF0     5FF0       22     2CDE       0
                text60                             4864     4864       8E      835       0
                text59                             612A     612A       18     2CDE       0
                text58                             5292     5292       6E      835       0
                text57                             4C98     4C98       7C      835       0
                text56                             5444     5444       68      835       0
                text55                             5CB8     5CB8       30     2CDE       0
                text54                             5DD2     5DD2       2C     2CDE       0
                text53                             3BB8     3BB8       E2      835       0
                text52                             47D0     47D0       94      835       0
                text51                             4476     4476       B0      835       0
                text50                             1BF4     1BF4      4C2      835       0
                text49                             20B6     20B6      39C      835       0
                text48                             3AB2     3AB2      106      835       0
                text47                             2C40     2C40      1B8      835       0
                text46                             16E0     16E0      514      835       0
                text45                             59BC     59BC       46     2CDE       0
                text44                             61E4     61E4       14     2CDE       0
                text43                             3834     3834      152      835       0
                text42                             36E2     36E2      152      835       0
                text41                             50CE     50CE       72      835       0
                text40                             57A4     57A4       54      835       0
                text39                             5F5A     5F5A       2A     2CDE       0
                text38                             5F30     5F30       2A     2CDE       0
                text37                             5F06     5F06       2A     2CDE       0
                text36                             4680     4680       AA      835       0
                text35                             505C     505C       72      835       0
                text34                             4FEA     4FEA       72      835       0
                text33                             3986     3986      12C      835       0
                text32                             4B9E     4B9E       7E      835       0
                text31                             5642     5642       5C      835       0
                text30                             5C84     5C84       34     2CDE       0
                text29                             4D90     4D90       7A      835       0
                text28                             5AC6     5AC6       3C     2CDE       0
                text27                             55E0     55E0       62      835       0
                text26                             4A08     4A08       88      835       0
                text25                             3586     3586      15C      835       0
                text24                             5514     5514       66      835       0
                text23                             56F6     56F6       58      835       0
                text22                             569E     569E       58      835       0
                text21                             2F8C     2F8C      192      835       0
                text20                             4980     4980       88      835       0
                text19                             53DA     53DA       6A      835       0
                text18                             4EFE     4EFE       78      835       0
                text17                             32A8     32A8      178      835       0
                text16                             311E     311E      18A      835       0
                text15                             3420     3420      166      835       0
                text14                             5A46     5A46       40     2CDE       0
                text13                             63F0     63F0        2     2CDE       0
                text12                             3FF0     3FF0       CA      835       0
                text11                             58E4     58E4       48      835       0
                text10                             5B76     5B76       36     2CDE       0
                text9                              40BA     40BA       C8      835       0
                text8                              2798     2798      2E4      835       0
                text7                              2A7C     2A7C      1C4      835       0
                text6                              536E     536E       6C      835       0
                text5                              57F8     57F8       52      835       0
                text4                              574E     574E       56      835       0
                text3                              45D6     45D6       AA      835       0
                text2                              4C1C     4C1C       7C      835       0
                text1                              584A     584A       4E      835       0
                text0                              106A     106A      676      835       0
                cstackCOMRAM                          1        1       30        1       1
                cstackBANK0                          80       80       48       80       1
                cstackBANK1                         195      195       24      100       1
                dataBANK1                           14E      14E       47      100       1
                bssBANK1                            100      100       4E      100       1
                dataBANK0                            FE       FE        2       80       1
                bssBANK0                             C8       C8       36       80       1
                dataCOMRAM                           4B       4B        E        1       1
                bssCOMRAM                            31       31       1A        1       1
                cinit                              4B18     4B18       86      835       0
                idataBANK1                         5974     5974       47      835       0
                idataBANK0                         63EE     63EE        2     2CDE       0
                idataCOMRAM                        62CE     62CE        E     2CDE       0

TOTAL           Name                               Link     Load   Length     Space
        CLASS   CODE           
                intcode                               8        8        6         0
                init                                  E        E        4         0
                reset_vec                             0        0        4         0
                text181                            430A     430A       BA         0
                text180                            608C     608C       1C         0
                text179                            6070     6070       1C         0
                text178                            5DA4     5DA4       2E         0
                text177                            63F2     63F2        2         0
                text176                            63EA     63EA        4         0
                text175                            4246     4246       C4         0
                text174                            4526     4526       B0         0
                text173                            2DF8     2DF8      194         0
                text172                            63E6     63E6        4         0
                text171                            63E2     63E2        4         0
                text170                            63DE     63DE        4         0
                text169                            5EDA     5EDA       2C         0
                text168                            63DA     63DA        4         0
                text167                            63D6     63D6        4         0
                text166                            63D2     63D2        4         0
                text165                            5FCC     5FCC       24         0
                text164                            4E84     4E84       7A         0
                text163                            618A     618A       18         0
                text162                            5EAE     5EAE       2C         0
                text161                            5E82     5E82       2C         0
                text160                            5E56     5E56       2C         0
                text159                            5E2A     5E2A       2C         0
                text158                            5A86     5A86       40         0
                text157                            63CE     63CE        4         0
                text156                            63CA     63CA        4         0
                text155                            63C6     63C6        4         0
                text154                            6394     6394        6         0
                text153                            63C2     63C2        4         0
                text152                            638E     638E        6         0
                text151                            637A     637A        8         0
                text150                            620C     620C       14         0
                text149                            63BE     63BE        4         0
                text148                            4D14     4D14       7C         0
                text147                            631E     631E        C         0
                text146                            62BE     62BE       10         0
                text145                            62F8     62F8        E         0
                text144                            4182     4182       C4         0
                text143                            472A     472A       A6         0
                text142                            6312     6312        C         0
                text141                            6372     6372        8         0
                text140                            636A     636A        8         0
                text139                            6362     6362        8         0
                text138                            635A     635A        8         0
                text137                            6352     6352        8         0
                text136                            634A     634A        8         0
                text135                            6342     6342        8         0
                text134                            6306     6306        C         0
                text133                            557A     557A       66         0
                text132                            5222     5222       70         0
                text131                            62AE     62AE       10         0
                text130                            6052     6052       1E         0
                text129                            5A02     5A02       44         0
                text128                            633A     633A        8         0
                text127                            6012     6012       22         0
                text126                            48F2     48F2       8E         0
                text125                            6172     6172       18         0
                text124                            5300     5300       6E         0
                text123                            4F76     4F76       74         0
                text122                            54AC     54AC       68         0
                text121                            5D18     5D18       30         0
                text120                            3E4A     3E4A       D6         0
                text119                            3D72     3D72       D8         0
                text118                            5D76     5D76       2E         0
                text117                            5D48     5D48       2E         0
                text116                            5CE8     5CE8       30         0
                text115                            6110     6110       1A         0
                text114                            60F6     60F6       1A         0
                text113                            60DC     60DC       1A         0
                text112                            60C2     60C2       1A         0
                intcode_body                       2452     2452      346         0
                text110                            3C9A     3C9A       D8         0
                text109                            5B3C     5B3C       3A         0
                text108                            5FA8     5FA8       24         0
                text107                            5B02     5B02       3A         0
                text106                            63BA     63BA        4         0
                text105                            63B6     63B6        4         0
                text104                            63B2     63B2        4         0
                text103                            5DFE     5DFE       2C         0
                text102                            63AE     63AE        4         0
                text101                            63AA     63AA        4         0
                text100                            63A6     63A6        4         0
                text99                             5F84     5F84       24         0
                text98                             4E0A     4E0A       7A         0
                text97                             615A     615A       18         0
                text96                             5C4E     5C4E       36         0
                text95                             5C18     5C18       36         0
                text94                             5BE2     5BE2       36         0
                text93                             5BAC     5BAC       36         0
                text92                             5898     5898       4C         0
                text91                             62EA     62EA        E         0
                text90                             62DC     62DC        E         0
                text89                             63A2     63A2        4         0
                text88                             6388     6388        6         0
                text87                             639E     639E        4         0
                text86                             6382     6382        6         0
                text85                             6332     6332        8         0
                text84                             61F8     61F8       14         0
                text83                             639A     639A        4         0
                text82                             4A90     4A90       88         0
                text81                             61CE     61CE       16         0
                text80                             60A8     60A8       1A         0
                text79                             6142     6142       18         0
                text78                             3F20     3F20       D0         0
                text77                             43C4     43C4       B2         0
                text76                             61B8     61B8       16         0
                text75                             628C     628C       12         0
                text74                             627A     627A       12         0
                text73                             6268     6268       12         0
                text72                             6256     6256       12         0
                text71                             6244     6244       12         0
                text70                             6232     6232       12         0
                text69                             6220     6220       12         0
                text68                             61A2     61A2       16         0
                text67                             5140     5140       72         0
                text66                             51B2     51B2       70         0
                text65                             629E     629E       10         0
                text64                             6034     6034       1E         0
                text63                             592C     592C       48         0
                text62                             632A     632A        8         0
                text61                             5FF0     5FF0       22         0
                text60                             4864     4864       8E         0
                text59                             612A     612A       18         0
                text58                             5292     5292       6E         0
                text57                             4C98     4C98       7C         0
                text56                             5444     5444       68         0
                text55                             5CB8     5CB8       30         0
                text54                             5DD2     5DD2       2C         0
                text53                             3BB8     3BB8       E2         0
                text52                             47D0     47D0       94         0
                text51                             4476     4476       B0         0
                text50                             1BF4     1BF4      4C2         0
                text49                             20B6     20B6      39C         0
                text48                             3AB2     3AB2      106         0
                text47                             2C40     2C40      1B8         0
                text46                             16E0     16E0      514         0
                text45                             59BC     59BC       46         0
                text44                             61E4     61E4       14         0
                text43                             3834     3834      152         0
                text42                             36E2     36E2      152         0
                text41                             50CE     50CE       72         0
                text40                             57A4     57A4       54         0
                text39                             5F5A     5F5A       2A         0
                text38                             5F30     5F30       2A         0
                text37                             5F06     5F06       2A         0
                text36                             4680     4680       AA         0
                text35                             505C     505C       72         0
                text34                             4FEA     4FEA       72         0
                text33                             3986     3986      12C         0
                text32                             4B9E     4B9E       7E         0
                text31                             5642     5642       5C         0
                text30                             5C84     5C84       34         0
                text29                             4D90     4D90       7A         0
                text28                             5AC6     5AC6       3C         0
                text27                             55E0     55E0       62         0
                text26                             4A08     4A08       88         0
                text25                             3586     3586      15C         0
                text24                             5514     5514       66         0
                text23                             56F6     56F6       58         0
                text22                             569E     569E       58         0
                text21                             2F8C     2F8C      192         0
                text20                             4980     4980       88         0
                text19                             53DA     53DA       6A         0
                text18                             4EFE     4EFE       78         0
                text17                             32A8     32A8      178         0
                text16                             311E     311E      18A         0
                text15                             3420     3420      166         0
                text14                             5A46     5A46       40         0
                text13                             63F0     63F0        2         0
                text12                             3FF0     3FF0       CA         0
                text11                             58E4     58E4       48         0
                text10                             5B76     5B76       36         0
                text9                              40BA     40BA       C8         0
                text8                              2798     2798      2E4         0
                text7                              2A7C     2A7C      1C4         0
                text6                              536E     536E       6C         0
                text5                              57F8     57F8       52         0
                text4                              574E     574E       56         0
                text3                              45D6     45D6       AA         0
                text2                              4C1C     4C1C       7C         0
                text1                              584A     584A       4E         0
                text0                              106A     106A      676         0
                cinit                              4B18     4B18       86         0
                idataBANK1                         5974     5974       47         0
                idataBANK0                         63EE     63EE        2         0
                idataCOMRAM                        62CE     62CE        E         0

        CLASS   CONST          

        CLASS   SMALLCONST     
                smallconst                         1000     1000       6A         0

        CLASS   MEDIUMCONST    

        CLASS   COMRAM         
                temp                                 59       59        1         1
                cstackCOMRAM                          1        1       30         1
                dataCOMRAM                           4B       4B        E         1
                bssCOMRAM                            31       31       1A         1

        CLASS   ABS1           

        CLASS   BIGRAM         

        CLASS   RAM            

        CLASS   BANK0          
                cstackBANK0                          80       80       48         1
                dataBANK0                            FE       FE        2         1
                bssBANK0                             C8       C8       36         1

        CLASS   BANK1          
                cstackBANK1                         195      195       24         1
                dataBANK1                           14E      14E       47         1
                bssBANK1                            100      100       4E         1

        CLASS   BANK2          

        CLASS   BANK3          

        CLASS   BANK4          

        CLASS   BANK5          

        CLASS   BANK6          

        CLASS   BANK7          

        CLASS   BANK8          

        CLASS   BANK9          

        CLASS   BANK10         

        CLASS   BANK11         

        CLASS   BANK12         

        CLASS   BANK13         

        CLASS   BANK14         

        CLASS   BANK15         

        CLASS   SFR            

        CLASS   BIGSFR         

        CLASS   CONFIG         
                config                           300000   300000        E         4

        CLASS   IDLOC          

        CLASS   EEDATA         

        CLASS   FARRAM         

        CLASS   HEAP           

        CLASS   STACK          



SEGMENTS        Name                           Load    Length   Top    Selector   Space  Class

                reset_vec                      000000  000004  000004         0       0  CODE    
                cstackCOMRAM                   000001  000059  00005A         1       1  COMRAM  
                intcode                        000008  00000A  000012         4       0  CODE    
                cstackBANK0                    000080  000080  000100        80       1  BANK0   
                bssBANK1                       000100  0000B9  0001B9       100       1  BANK1   
                smallconst                     001000  00006A  00106A       800       0  SMALLCON
                text0                          00106A  004951  0059BB       835       0  CODE    
                text45                         0059BC  000A38  0063F4      2CDE       0  CODE    


UNUSED ADDRESS RANGES

        Name                Unused          Largest block    Delta
        BANK1            0001B9-0001FF               47
        BANK10           000A00-000AFF              100
        BANK11           000B00-000BFF              100
        BANK12           000C00-000CFF              100
        BANK13           000D00-000DFF              100
        BANK14           000E00-000EFF              100
        BANK15           000F00-000F7F               80
        BANK2            000200-0002FF              100
        BANK3            000300-0003FF              100
        BANK4            000400-0004FF              100
        BANK5            000500-0005FF              100
        BANK6            000600-0006FF              100
        BANK7            000700-0007FF              100
        BANK8            000800-0008FF              100
        BANK9            000900-0009FF              100
        BIGRAM           00005A-00007F               26
                         0001B9-000F7F              DC7
        BIGSFR           000F80-000FFF               80
        CODE             000004-000007                4
                         000012-000FFF              FEE
                         0059BB-0059BB                1
                         0063F4-00FFFF             9C0C
        COMRAM           00005A-00007F               26
        CONST            000004-000007                4
                         000012-000FFF              FEE
                         0059BB-0059BB                1
                         0063F4-00FFFF             9C0C
        EEDATA           F00000-F003FF              400
        IDLOC            200000-200007                8
        MEDIUMCONST      0059BB-0059BB                1
                         0063F4-00FFFF             9C0C
        RAM              0001B9-000F7F              100
        SFR              000F80-000FFF               80
        SMALLCONST       0059BB-0059BB                1
                         0063F4-00FFFF              100

                                  Symbol Table

?_RealTimeClockDS1307_Get_Date_Time           cstackBANK0  00008A
?___aodiv                                     cstackBANK0  000080
?___aomod                                     cstackBANK0  000080
?___awdiv                                     cstackCOMRAM 000001
?___awmod                                     cstackCOMRAM 000001
?___fladd                                     cstackBANK0  00009F
?___fldiv                                     cstackBANK0  000086
?___fltol                                     cstackCOMRAM 000027
?___xxtofl                                    cstackCOMRAM 000027
?_abs                                         cstackCOMRAM 000029
?_dtoa                                        cstackBANK0  000091
?_pad                                         cstackBANK0  000087
?_sprintf                                     cstackBANK1  00019B
?_strlen                                      cstackCOMRAM 000027
?_vfpfcnvrt                                   cstackBANK0  0000B5
?_vfprintf                                    cstackBANK1  000195
?i2_RealTimeClockDS1307_Get_Date_Time         cstackCOMRAM 000015
ADC_GetConversionResult@_adc                  cstackCOMRAM 000001
ADC_GetConversionResult@conversion_result     cstackCOMRAM 000003
ADC_Init@_adc                                 cstackCOMRAM 00002A
ADC_SelectChannel@_adc                        cstackCOMRAM 00002A
ADC_SelectChannel@channel                     cstackCOMRAM 00002C
ADC_SelectChannel@ret                         cstackCOMRAM 00002E
ADC_StartConversion@_adc                      cstackCOMRAM 000027
ADC_StartConversion@ret                       cstackCOMRAM 000029
ADC_StartConversion_Interrupt@_adc            cstackBANK0  000080
ADC_StartConversion_Interrupt@channel         cstackBANK0  000082
ADC_StartConversion_Interrupt@ret             cstackCOMRAM 00002F
EUSART_ASYNC_Init@_eusart                     cstackBANK0  0000BB
EUSART_ASYNC_RX_Init@_eusart                  cstackCOMRAM 000027
EUSART_ASYNC_TX_Init@_eusart                  cstackCOMRAM 000027
EUSART_ASYNC_WriteByteNonBlocking@_data       cstackCOMRAM 000001
EUSART_Baud_Rate_Calculation@Baud_Rate_Temp   cstackBANK0  0000B3
EUSART_Baud_Rate_Calculation@_eusart          cstackBANK0  0000AF
I2C_CallbackReturnReset@funPtr                cstackBANK0  000080
I2C_Close@returnValue                         cstackCOMRAM 000027
I2C_MasterOperation@read                      cstackBANK0  000086
I2C_MasterOperation@returnValue               cstackBANK0  000087
I2C_MasterSendTxData@data                     cstackCOMRAM 000027
I2C_Open@address                              cstackCOMRAM 000027
I2C_Open@returnValue                          cstackCOMRAM 000028
I2C_Read1ByteRegister@address                 cstackBANK0  000088
I2C_Read1ByteRegister@reg                     cstackCOMRAM 000030
I2C_Read1ByteRegister@returnValue             cstackBANK0  000089
I2C_SetAddressNackCallback@cb                 cstackCOMRAM 00002C
I2C_SetAddressNackCallback@ptr                cstackCOMRAM 00002E
I2C_SetBuffer@buffer                          cstackCOMRAM 000027
I2C_SetBuffer@bufferSize                      cstackCOMRAM 000029
I2C_SetCallback@cb                            cstackCOMRAM 000027
I2C_SetCallback@idx                           cstackCOMRAM 00002B
I2C_SetCallback@ptr                           cstackCOMRAM 000029
I2C_SetDataCompleteCallback@cb                cstackCOMRAM 00002C
I2C_SetDataCompleteCallback@ptr               cstackCOMRAM 00002E
I2C_Write1ByteRegister@address                cstackCOMRAM 000030
I2C_Write1ByteRegister@data                   cstackBANK0  000089
I2C_Write1ByteRegister@reg                    cstackBANK0  000088
INT0_set_InterruptHandler@InterruptHandler    cstackCOMRAM 000027
INT0_set_InterruptHandler@ret                 cstackCOMRAM 000029
INT1_set_InterruptHandler@InterruptHandler    cstackCOMRAM 000027
INT1_set_InterruptHandler@ret                 cstackCOMRAM 000029
INT2_set_InterruptHandler@InterruptHandler    cstackCOMRAM 000027
INT2_set_InterruptHandler@ret                 cstackCOMRAM 000029
INTx_select_InterruptHandler@_interrupt       cstackCOMRAM 00002A
INTx_select_InterruptHandler@ret              cstackCOMRAM 00002E
RB4_ISR@RB4_Source                            cstackCOMRAM 000001
RB5_ISR@RB5_Source                            cstackCOMRAM 000001
RB6_ISR@RB6_Source                            cstackCOMRAM 000001
RB7_ISR@RB7_Source                            cstackCOMRAM 000001
_ADCON0bits                                   (abs)        000FC2
_ADCON1bits                                   (abs)        000FC1
_ADCON2bits                                   (abs)        000FC0
_ADC_GetConversionResult                      text181      00430A
_ADC_ISR                                      text178      005DA4
_ADC_Init                                     text53       003BB8
_ADC_InterruptHandler                         bssCOMRAM    000039
_ADC_SelectChannel                            text109      005B3C
_ADC_StartConversion                          text108      005FA8
_ADC_StartConversion_Interrupt                text107      005B02
_ADRESH                                       (abs)        000FC4
_ADRESL                                       (abs)        000FC3
_ALARM_RTC                                    bssBANK1     000100
_APP_INT0_ISR                                 text120      003E4A
_APP_INT1_ISR                                 text119      003D72
_APP_INT2_ISR                                 text121      005D18
_BAUDCONbits                                  (abs)        000FB8
_EUSART_ASYNC_Init                            text45       0059BC
_EUSART_ASYNC_RX_Init                         text52       0047D0
_EUSART_ASYNC_TX_Init                         text51       004476
_EUSART_ASYNC_WriteByteNonBlocking            text180      00608C
_EUSART_Baud_Rate_Calculation                 text46       0016E0
_EUSART_Baud_Rate_Calculation$4290            cstackBANK0  0000B7
_EUSART_FramingErrorHandler                   bssBANK1     000118
_EUSART_OverrunErrorHandler                   bssBANK1     000116
_EUSART_RX_ISR                                text177      0063F2
_EUSART_RxInterruptHandler                    bssBANK1     00011A
_EUSART_TX_ISR                                text176      0063EA
_EUSART_TxInterruptHandler                    bssBANK1     00011C
_I2C_CallbackReturnReset                      text90       0062DC
_I2C_CallbackReturnReset$intlevel0            text90       0062E6
_I2C_CallbackReturnStop                       text91       0062EA
_I2C_CallbackReturnStop$intlevel0             text91       0062F4
_I2C_Close                                    text103      005DFE
_I2C_DO_ADDRESS_NACK                          text67       005140
_I2C_DO_ADDRESS_NACK$intlevel0                text67       00514A
_I2C_DO_IDLE                                  text81       0061CE
_I2C_DO_IDLE$intlevel0                        text81       0061D8
_I2C_DO_RCEN                                  text76       0061B8
_I2C_DO_RCEN$intlevel0                        text76       0061C2
_I2C_DO_RESET                                 text68       0061A2
_I2C_DO_RESET$intlevel0                       text68       0061AC
_I2C_DO_RX                                    text77       0043C4
_I2C_DO_RX$intlevel0                          text77       0043CE
_I2C_DO_RX_ACK                                text71       006244
_I2C_DO_RX_ACK$intlevel0                      text71       00624E
_I2C_DO_RX_NACK_RESTART                       text69       006220
_I2C_DO_RX_NACK_RESTART$intlevel0             text69       00622A
_I2C_DO_RX_NACK_STOP                          text70       006232
_I2C_DO_RX_NACK_STOP$intlevel0                text70       00623C
_I2C_DO_SEND_ADR_READ                         text80       0060A8
_I2C_DO_SEND_ADR_READ$intlevel0               text80       0060B2
_I2C_DO_SEND_ADR_WRITE                        text79       006142
_I2C_DO_SEND_ADR_WRITE$intlevel0              text79       00614C
_I2C_DO_SEND_RESTART                          text73       006268
_I2C_DO_SEND_RESTART$intlevel0                text73       006272
_I2C_DO_SEND_RESTART_READ                     text75       00628C
_I2C_DO_SEND_RESTART_READ$intlevel0           text75       006296
_I2C_DO_SEND_RESTART_WRITE                    text74       00627A
_I2C_DO_SEND_RESTART_WRITE$intlevel0          text74       006284
_I2C_DO_SEND_STOP                             text72       006256
_I2C_DO_SEND_STOP$intlevel0                   text72       006260
_I2C_DO_TX                                    text78       003F20
_I2C_DO_TX$intlevel0                          text78       003F2A
_I2C_DO_TX_EMPTY                              text82       004A90
_I2C_DO_TX_EMPTY$intlevel0                    text82       004A9A
_I2C_Initialize                               text44       0061E4
_I2C_MasterClearIrq                           text106      0063BA
_I2C_MasterClose                              text105      0063B6
_I2C_MasterDisableIrq                         text104      0063B2
_I2C_MasterEnableRestart                      text101      0063AA
_I2C_MasterFsm                                text66       0051B2
_I2C_MasterGetRxData                          text87       00639E
_I2C_MasterIsNack                             text84       0061F8
_I2C_MasterOpen                               text61       005FF0
_I2C_MasterOperation                          text63       00592C
_I2C_MasterSendAck                            text86       006382
_I2C_MasterSendNack                           text88       006388
_I2C_MasterSendTxData                         text85       006332
_I2C_MasterSetIrq                             text83       00639A
_I2C_MasterStart                              text102      0063AE
_I2C_MasterStartRx                            text89       0063A2
_I2C_MasterStop                               text100      0063A6
_I2C_MasterWaitForEvent                       text65       00629E
_I2C_MasterWrite                              text62       00632A
_I2C_Open                                     text60       004864
_I2C_Poller                                   text64       006034
_I2C_Read1ByteRegister                        text57       004C98
_I2C_SetAddressNackCallback                   text59       00612A
_I2C_SetBuffer                                text99       005F84
_I2C_SetCallback                              text98       004E0A
_I2C_SetDataCompleteCallback                  text97       00615A
_I2C_SlaveAddrInterruptHandler                bssBANK1     000122
_I2C_SlaveBusColInterruptHandler              bssBANK1     000120
_I2C_SlaveRdInterruptHandler                  bssBANK1     000126
_I2C_SlaveWrColInterruptHandler               bssBANK1     00011E
_I2C_SlaveWrInterruptHandler                  bssBANK1     000124
_I2C_Status                                   bssBANK0     0000C8
_I2C_Write1ByteRegister                       text58       005292
_INT0_ISR                                     text118      005D76
_INT0_InterruptHandler                        bssCOMRAM    000037
_INT0_set_InterruptHandler                    text39       005F5A
_INT1_ISR                                     text117      005D48
_INT1_InterruptHandler                        bssCOMRAM    000035
_INT1_set_InterruptHandler                    text38       005F30
_INT2_ISR                                     text116      005CE8
_INT2_InterruptHandler                        bssBANK0     0000F8
_INT2_set_InterruptHandler                    text37       005F06
_INTCON2bits                                  (abs)        000FF1
_INTCON3bits                                  (abs)        000FF0
_INTCONbits                                   (abs)        000FF2
_INTx_select_InterruptHandler                 text36       004680
_InterruptManager                             intcode      000008
_LATA                                         (abs)        000F89
_LATB                                         (abs)        000F8A
_LATC                                         (abs)        000F8B
_LATD                                         (abs)        000F8C
_LATE                                         (abs)        000F8D
_MSSP_InterruptHandler                        bssBANK1     000128
_MY_ADC_ISR                                   text179      006070
_MY_INT0                                      dataBANK1    00018F
_MY_INT1                                      dataBANK1    000189
_MY_INT2                                      dataBANK1    000183
_PIE1bits                                     (abs)        000F9D
_PIR1bits                                     (abs)        000F9E
_PIR2bits                                     (abs)        000FA1
_PORTA                                        (abs)        000F80
_PORTB                                        (abs)        000F81
_PORTBbits                                    (abs)        000F81
_PORTC                                        (abs)        000F82
_PORTD                                        (abs)        000F83
_PORTE                                        (abs)        000F84
_RB4_Flag                                     dataCOMRAM   00004E
_RB4_ISR                                      text115      006110
_RB4_InterruptHandler_high                    bssBANK0     0000F6
_RB4_InterruptHandler_low                     bssBANK0     0000F4
_RB5_Flag                                     dataCOMRAM   00004D
_RB5_ISR                                      text114      0060F6
_RB5_InterruptHandler_high                    bssBANK0     0000F2
_RB5_InterruptHandler_low                     bssBANK0     0000F0
_RB6_Flag                                     dataCOMRAM   00004C
_RB6_ISR                                      text113      0060DC
_RB6_InterruptHandler_high                    bssBANK0     0000EE
_RB6_InterruptHandler_low                     bssBANK0     0000EC
_RB7_Flag                                     dataCOMRAM   00004B
_RB7_ISR                                      text112      0060C2
_RB7_InterruptHandler_high                    bssBANK1     00012C
_RB7_InterruptHandler_low                     bssBANK1     00012A
_RCREG                                        (abs)        000FAE
_RCSTAbits                                    (abs)        000FAB
_RTC1307                                      bssCOMRAM    000041
_RTC1307@RealTimeClockDS1307$F399             bssBANK1     000106
_RealTimeClockDS1307_Get_Date_Time            text56       005444
_SPBRG                                        (abs)        000FAF
_SPBRGH                                       (abs)        000FB0
_SSPADD                                       (abs)        000FC8
_SSPBUF                                       (abs)        000FC9
_SSPCON1                                      (abs)        000FC6
_SSPCON1bits                                  (abs)        000FC6
_SSPCON2                                      (abs)        000FC5
_SSPCON2bits                                  (abs)        000FC5
_SSPSTAT                                      (abs)        000FC7
_SSPSTATbits                                  (abs)        000FC7
_TRISA                                        (abs)        000F92
_TRISB                                        (abs)        000F93
_TRISC                                        (abs)        000F94
_TRISCbits                                    (abs)        000F94
_TRISD                                        (abs)        000F95
_TRISE                                        (abs)        000F96
_TXREG                                        (abs)        000FAD
_TXSTAbits                                    (abs)        000FAC
__HRAM                                        (abs)        000000
__Habs1                                       abs1         000000
__Hbank0                                      bank0        000000
__Hbank1                                      bank1        000000
__Hbank10                                     bank10       000000
__Hbank11                                     bank11       000000
__Hbank12                                     bank12       000000
__Hbank13                                     bank13       000000
__Hbank14                                     bank14       000000
__Hbank15                                     bank15       000000
__Hbank2                                      bank2        000000
__Hbank3                                      bank3        000000
__Hbank4                                      bank4        000000
__Hbank5                                      bank5        000000
__Hbank6                                      bank6        000000
__Hbank7                                      bank7        000000
__Hbank8                                      bank8        000000
__Hbank9                                      bank9        000000
__Hbigbss                                     bigbss       000000
__Hbigdata                                    bigdata      000000
__Hbigram                                     bigram       000000
__Hbigsfr                                     bigsfr       000000
__Hbss                                        bss          000000
__HbssBANK0                                   bssBANK0     000000
__HbssBANK1                                   bssBANK1     000000
__HbssCOMRAM                                  bssCOMRAM    000000
__Hcinit                                      cinit        000000
__Hclrtext                                    clrtext      000000
__Hcomram                                     comram       000000
__Hconfig                                     config       30000E
__Hconst                                      const        000000
__HcstackBANK0                                cstackBANK0  000000
__HcstackBANK1                                cstackBANK1  000000
__HcstackCOMRAM                               cstackCOMRAM 000000
__Hdata                                       data         000000
__HdataBANK0                                  dataBANK0    000000
__HdataBANK1                                  dataBANK1    000000
__HdataCOMRAM                                 dataCOMRAM   000000
__Heeprom_data                                eeprom_data  000000
__Hfarbss                                     farbss       000000
__Hfardata                                    fardata      000000
__Hheap                                       heap         000000
__Hibigdata                                   ibigdata     000000
__Hidata                                      idata        000000
__HidataBANK0                                 idataBANK0   000000
__HidataBANK1                                 idataBANK1   000000
__HidataCOMRAM                                idataCOMRAM  000000
__Hidloc                                      idloc        000000
__Hifardata                                   ifardata     000000
__Hinit                                       init         000012
__Hintcode                                    intcode      00000E
__Hintcode_body                               intcode_body 000000
__Hintcodelo                                  intcodelo    00000E
__Hintentry                                   intentry     000000
__Hintret                                     intret       000000
__Hintsave_regs                               intsave_regs 000000
__Hirdata                                     irdata       000000
__Hmediumconst                                mediumconst  000000
__HnvFARRAM                                   nvFARRAM     000000
__Hnvbit                                      nvbit        000000
__Hnvrram                                     nvrram       000000
__Hparam                                      rparam       000000
__Hpowerup                                    powerup      00000E
__Hram                                        ram          000000
__Hramtop                                     ramtop       001000
__Hrbit                                       rbit         000000
__Hrbss                                       rbss         000000
__Hrdata                                      rdata        000000
__Hreset_vec                                  reset_vec    000004
__Hrparam                                     rparam       000000
__Hsfr                                        sfr          000000
__Hsmallconst                                 smallconst   00106A
__Hspace_0                                    (abs)        0063F4
__Hspace_1                                    (abs)        0001B9
__Hspace_2                                    (abs)        000000
__Hspace_4                                    (abs)        60000E
__Hstack                                      stack        000000
__Hstruct                                     struct       000000
__Htemp                                       temp         00005A
__Htext                                       text         000000
__Htext0                                      text0        000000
__Htext1                                      text1        000000
__Htext10                                     text10       000000
__Htext100                                    text100      000000
__Htext101                                    text101      000000
__Htext102                                    text102      000000
__Htext103                                    text103      000000
__Htext104                                    text104      000000
__Htext105                                    text105      000000
__Htext106                                    text106      000000
__Htext107                                    text107      000000
__Htext108                                    text108      000000
__Htext109                                    text109      000000
__Htext11                                     text11       000000
__Htext110                                    text110      000000
__Htext112                                    text112      000000
__Htext113                                    text113      000000
__Htext114                                    text114      000000
__Htext115                                    text115      000000
__Htext116                                    text116      000000
__Htext117                                    text117      000000
__Htext118                                    text118      000000
__Htext119                                    text119      000000
__Htext12                                     text12       000000
__Htext120                                    text120      000000
__Htext121                                    text121      000000
__Htext122                                    text122      000000
__Htext123                                    text123      000000
__Htext124                                    text124      000000
__Htext125                                    text125      000000
__Htext126                                    text126      000000
__Htext127                                    text127      000000
__Htext128                                    text128      000000
__Htext129                                    text129      000000
__Htext13                                     text13       000000
__Htext130                                    text130      000000
__Htext131                                    text131      000000
__Htext132                                    text132      000000
__Htext133                                    text133      000000
__Htext134                                    text134      000000
__Htext135                                    text135      000000
__Htext136                                    text136      000000
__Htext137                                    text137      000000
__Htext138                                    text138      000000
__Htext139                                    text139      000000
__Htext14                                     text14       000000
__Htext140                                    text140      000000
__Htext141                                    text141      000000
__Htext142                                    text142      000000
__Htext143                                    text143      000000
__Htext144                                    text144      000000
__Htext145                                    text145      000000
__Htext146                                    text146      000000
__Htext147                                    text147      000000
__Htext148                                    text148      000000
__Htext149                                    text149      000000
__Htext15                                     text15       000000
__Htext150                                    text150      000000
__Htext151                                    text151      000000
__Htext152                                    text152      000000
__Htext153                                    text153      000000
__Htext154                                    text154      000000
__Htext155                                    text155      000000
__Htext156                                    text156      000000
__Htext157                                    text157      000000
__Htext158                                    text158      000000
__Htext159                                    text159      000000
__Htext16                                     text16       000000
__Htext160                                    text160      000000
__Htext161                                    text161      000000
__Htext162                                    text162      000000
__Htext163                                    text163      000000
__Htext164                                    text164      000000
__Htext165                                    text165      000000
__Htext166                                    text166      000000
__Htext167                                    text167      000000
__Htext168                                    text168      000000
__Htext169                                    text169      000000
__Htext17                                     text17       000000
__Htext170                                    text170      000000
__Htext171                                    text171      000000
__Htext172                                    text172      000000
__Htext173                                    text173      000000
__Htext174                                    text174      000000
__Htext175                                    text175      000000
__Htext176                                    text176      000000
__Htext177                                    text177      000000
__Htext178                                    text178      000000
__Htext179                                    text179      000000
__Htext18                                     text18       000000
__Htext180                                    text180      000000
__Htext181                                    text181      000000
__Htext182                                    text182      000000
__Htext19                                     text19       000000
__Htext2                                      text2        000000
__Htext20                                     text20       000000
__Htext21                                     text21       000000
__Htext22                                     text22       000000
__Htext23                                     text23       000000
__Htext24                                     text24       000000
__Htext25                                     text25       000000
__Htext26                                     text26       000000
__Htext27                                     text27       000000
__Htext28                                     text28       000000
__Htext29                                     text29       000000
__Htext3                                      text3        000000
__Htext30                                     text30       000000
__Htext31                                     text31       000000
__Htext32                                     text32       000000
__Htext33                                     text33       000000
__Htext34                                     text34       000000
__Htext35                                     text35       000000
__Htext36                                     text36       000000
__Htext37                                     text37       000000
__Htext38                                     text38       000000
__Htext39                                     text39       000000
__Htext4                                      text4        000000
__Htext40                                     text40       000000
__Htext41                                     text41       000000
__Htext42                                     text42       000000
__Htext43                                     text43       000000
__Htext44                                     text44       000000
__Htext45                                     text45       000000
__Htext46                                     text46       000000
__Htext47                                     text47       000000
__Htext48                                     text48       000000
__Htext49                                     text49       000000
__Htext5                                      text5        000000
__Htext50                                     text50       000000
__Htext51                                     text51       000000
__Htext52                                     text52       000000
__Htext53                                     text53       000000
__Htext54                                     text54       000000
__Htext55                                     text55       000000
__Htext56                                     text56       000000
__Htext57                                     text57       000000
__Htext58                                     text58       000000
__Htext59                                     text59       000000
__Htext6                                      text6        000000
__Htext60                                     text60       000000
__Htext61                                     text61       000000
__Htext62                                     text62       000000
__Htext63                                     text63       000000
__Htext64                                     text64       000000
__Htext65                                     text65       000000
__Htext66                                     text66       000000
__Htext67                                     text67       000000
__Htext68                                     text68       000000
__Htext69                                     text69       000000
__Htext7                                      text7        000000
__Htext70                                     text70       000000
__Htext71                                     text71       000000
__Htext72                                     text72       000000
__Htext73                                     text73       000000
__Htext74                                     text74       000000
__Htext75                                     text75       000000
__Htext76                                     text76       000000
__Htext77                                     text77       000000
__Htext78                                     text78       000000
__Htext79                                     text79       000000
__Htext8                                      text8        000000
__Htext80                                     text80       000000
__Htext81                                     text81       000000
__Htext82                                     text82       000000
__Htext83                                     text83       000000
__Htext84                                     text84       000000
__Htext85                                     text85       000000
__Htext86                                     text86       000000
__Htext87                                     text87       000000
__Htext88                                     text88       000000
__Htext89                                     text89       000000
__Htext9                                      text9        000000
__Htext90                                     text90       000000
__Htext91                                     text91       000000
__Htext92                                     text92       000000
__Htext93                                     text93       000000
__Htext94                                     text94       000000
__Htext95                                     text95       000000
__Htext96                                     text96       000000
__Htext97                                     text97       000000
__Htext98                                     text98       000000
__Htext99                                     text99       000000
__Initialize                                  text24       005514
__LRAM                                        (abs)        000001
__Labs1                                       abs1         000000
__Lbank0                                      bank0        000000
__Lbank1                                      bank1        000000
__Lbank10                                     bank10       000000
__Lbank11                                     bank11       000000
__Lbank12                                     bank12       000000
__Lbank13                                     bank13       000000
__Lbank14                                     bank14       000000
__Lbank15                                     bank15       000000
__Lbank2                                      bank2        000000
__Lbank3                                      bank3        000000
__Lbank4                                      bank4        000000
__Lbank5                                      bank5        000000
__Lbank6                                      bank6        000000
__Lbank7                                      bank7        000000
__Lbank8                                      bank8        000000
__Lbank9                                      bank9        000000
__Lbigbss                                     bigbss       000000
__Lbigdata                                    bigdata      000000
__Lbigram                                     bigram       000000
__Lbigsfr                                     bigsfr       000000
__Lbss                                        bss          000000
__LbssBANK0                                   bssBANK0     000000
__LbssBANK1                                   bssBANK1     000000
__LbssCOMRAM                                  bssCOMRAM    000000
__Lcinit                                      cinit        000000
__Lclrtext                                    clrtext      000000
__Lcomram                                     comram       000000
__Lconfig                                     config       000000
__Lconst                                      const        000000
__LcstackBANK0                                cstackBANK0  000000
__LcstackBANK1                                cstackBANK1  000000
__LcstackCOMRAM                               cstackCOMRAM 000000
__Ldata                                       data         000000
__LdataBANK0                                  dataBANK0    000000
__LdataBANK1                                  dataBANK1    000000
__LdataCOMRAM                                 dataCOMRAM   000000
__Leeprom_data                                eeprom_data  000000
__Lfarbss                                     farbss       000000
__Lfardata                                    fardata      000000
__Lheap                                       heap         000000
__Libigdata                                   ibigdata     000000
__Lidata                                      idata        000000
__LidataBANK0                                 idataBANK0   000000
__LidataBANK1                                 idataBANK1   000000
__LidataCOMRAM                                idataCOMRAM  000000
__Lidloc                                      idloc        000000
__Lifardata                                   ifardata     000000
__Linit                                       init         00000E
__Lintcode                                    intcode      000008
__Lintcode_body                               intcode_body 000000
__Lintcodelo                                  intcodelo    00000E
__Lintentry                                   intentry     000000
__Lintret                                     intret       000000
__Lintsave_regs                               intsave_regs 000000
__Lirdata                                     irdata       000000
__Lmediumconst                                mediumconst  000000
__LnvFARRAM                                   nvFARRAM     000000
__Lnvbit                                      nvbit        000000
__Lnvrram                                     nvrram       000000
__Lparam                                      rparam       000000
__Lpowerup                                    powerup      00000E
__Lram                                        ram          000000
__Lramtop                                     ramtop       001000
__Lrbit                                       rbit         000000
__Lrbss                                       rbss         000000
__Lrdata                                      rdata        000000
__Lreset_vec                                  reset_vec    000000
__Lrparam                                     rparam       000000
__Lsfr                                        sfr          000000
__Lsmallconst                                 smallconst   001000
__Lspace_0                                    (abs)        000000
__Lspace_1                                    (abs)        000000
__Lspace_2                                    (abs)        000000
__Lspace_4                                    (abs)        000000
__Lstack                                      stack        000000
__Lstruct                                     struct       000000
__Ltemp                                       temp         000059
__Ltext                                       text         000000
__Ltext0                                      text0        000000
__Ltext1                                      text1        000000
[...]
interrupt_INTx_enable@ret                     cstackCOMRAM 00002B
interrupt_INTx_init@_interrupt                cstackBANK0  000088
interrupt_INTx_init@ret                       cstackBANK0  00008A
interrupt_INTx_pin_init@_interrupt            cstackBANK0  000085
interrupt_INTx_pin_init@ret                   cstackBANK0  000087
intlevel0                                     text         000000
intlevel1                                     text         000000
intlevel2                                     text         000000
intlevel3                                     text         000000
isa$std                                       (abs)        000001
isa$xinst                                     (abs)        000000
lcd_init@gpio_ret                             cstackBANK0  000093
lcd_init@lcd                                  cstackBANK0  00008F
lcd_init@lcd_ret                              cstackBANK0  000095
lcd_init@pins_counter                         cstackBANK0  000094
lcd_send_char_data@data                       cstackBANK0  00008B
lcd_send_char_data@gpio_ret                   cstackBANK0  00008C
lcd_send_char_data@lcd                        cstackBANK0  000089
lcd_send_char_data@lcd_ret                    cstackBANK0  00008D
lcd_send_char_data@ret                        cstackBANK0  00008E
lcd_send_char_data_pos@column                 cstackBANK0  00009A
lcd_send_char_data_pos@data                   cstackBANK0  00009B
lcd_send_char_data_pos@gpio_ret               cstackBANK0  00009C
lcd_send_char_data_pos@lcd                    cstackBANK0  000097
lcd_send_char_data_pos@lcd_ret                cstackBANK0  00009D
lcd_send_char_data_pos@ret                    cstackBANK0  00009E
lcd_send_char_data_pos@row                    cstackBANK0  000099
lcd_send_command@command                      cstackBANK0  00008B
lcd_send_command@gpio_ret                     cstackBANK0  00008C
lcd_send_command@lcd                          cstackBANK0  000089
lcd_send_command@lcd_ret                      cstackBANK0  00008D
lcd_send_command@ret                          cstackBANK0  00008E
lcd_send_custom_char@counter                  bssCOMRAM    000040
lcd_send_enable@gpio_ret                      cstackBANK0  000082
lcd_send_enable@lcd                           cstackBANK0  000080
lcd_send_nbits@data_or_command                cstackBANK0  000082
lcd_send_nbits@lcd                            cstackBANK0  000080
lcd_send_nbits@pin_counter                    cstackBANK0  000088
lcd_send_nbits@ret                            cstackBANK0  000087
lcd_send_number@number                        bssCOMRAM    00004A
lcd_send_number_pos@column                    cstackBANK1  0001B3
lcd_send_number_pos@gpio_ret                  cstackBANK1  0001B5
lcd_send_number_pos@lcd                       cstackBANK1  0001B0
lcd_send_number_pos@lcd_ret                   cstackBANK1  0001B6
lcd_send_number_pos@num                       cstackBANK1  0001B4
lcd_send_number_pos@number                    bssBANK0     0000FD
lcd_send_number_pos@row                       cstackBANK1  0001B2
lcd_send_string@gpio_ret                      cstackBANK0  000093
lcd_send_string@lcd                           cstackBANK0  00008F
lcd_send_string@lcd_ret                       cstackBANK0  000094
lcd_send_string@ret                           cstackBANK0  000095
lcd_send_string@str                           cstackBANK0  000091
lcd_send_string_pos@column                    cstackBANK0  00009A
lcd_send_string_pos@gpio_ret                  cstackBANK0  00009D
lcd_send_string_pos@lcd                       cstackBANK0  000097
lcd_send_string_pos@lcd_ret                   cstackBANK0  00009E
lcd_send_string_pos@row                       cstackBANK0  000099
lcd_send_string_pos@str                       cstackBANK0  00009B
lcd_set_curser@column                         cstackBANK0  000092
lcd_set_curser@gpio_ret                       cstackBANK0  000095
lcd_set_curser@lcd                            cstackBANK0  00008F
lcd_set_curser@lcd_ret                        cstackBANK0  000096
lcd_set_curser@row                            cstackBANK0  000091
memset@c                                      cstackCOMRAM 000029
memset@dest                                   cstackCOMRAM 000027
memset@k                                      cstackBANK0  000080
memset@n                                      cstackCOMRAM 00002B
memset@s                                      cstackBANK0  000082
pad@buf                                       cstackBANK0  000089
pad@fp                                        cstackBANK0  000087
pad@i                                         cstackBANK0  00008D
pad@p                                         cstackBANK0  00008B
pad@w                                         cstackBANK0  00008F
rd1RegCompleteHandler@ptr                     cstackBANK0  000080
rd2RegCompleteHandler@ptr                     cstackBANK0  000080
rdBlkRegCompleteHandler@ptr                   cstackBANK0  000080
select_result_format@result_format            cstackCOMRAM 000027
sprintf@ap                                    cstackBANK1  0001A1
sprintf@f                                     cstackBANK1  0001A3
sprintf@fmt                                   cstackBANK1  00019D
sprintf@s                                     cstackBANK1  00019B
stackhi                                       (abs)        000000
stacklo                                       (abs)        000000
start                                         init         00000E
start_initialization                          cinit        004B18
strlen@a                                      cstackCOMRAM 000029
strlen@s                                      cstackCOMRAM 000027
ttemp5                                        temp         00005A
ttemp6                                        temp         00005D
ttemp7                                        temp         000061
vfpfcnvrt@ap                                  cstackBANK0  0000B9
vfpfcnvrt@fmt                                 cstackBANK0  0000B7
vfpfcnvrt@fp                                  cstackBANK0  0000B5
vfpfcnvrt@ll                                  cstackBANK0  0000BD
vfprintf@ap                                   cstackBANK1  000199
vfprintf@cfmt                                 cstackBANK0  0000C5
vfprintf@fmt                                  cstackBANK1  000197
vfprintf@fp                                   cstackBANK1  000195
wr1RegCompleteHandler@ptr                     cstackBANK0  000080
wr2RegCompleteHandler@ptr                     cstackBANK0  000080
wtemp8                                        temp         00005A


MODULE INFORMATION

Module		Function		Class		Link	Load	Size
C:\Program Files\Microchip\xc8\v2.36\pic\sources\c99\common\putch.c
		_putch         		CODE           	63F0	0000	2

C:\Program Files\Microchip\xc8\v2.36\pic\sources\c99\common\putch.c estimated size: 2

ECUAL/LCD/lcd.c
		_lcd_send_command		CODE           	4A08	0000	136
		_lcd_send_nbits		CODE           	55E0	0000	98
		_lcd_send_char_data		CODE           	4980	0000	136
		_lcd_set_curser		CODE           	53DA	0000	106
		_lcd_send_enable		CODE           	5AC6	0000	60
		_lcd_send_string		CODE           	45D6	0000	170
		_lcd_send_string_pos		CODE           	4C1C	0000	124
		_lcd_send_number_pos		CODE           	584A	0000	78
		_lcd_send_char_data_pos		CODE           	4EFE	0000	120
		_lcd_init      		CODE           	3586	0000	348
		_convert_uint8_to_string		CODE           	574E	0000	86

ECUAL/LCD/lcd.c estimated size: 1462

C:\Program Files\Microchip\xc8\v2.36\pic\sources\c99\common\nf_fputs.c
		_fputs         		CODE           	58E4	0000	72

C:\Program Files\Microchip\xc8\v2.36\pic\sources\c99\common\nf_fputs.c estimated size: 72

C:\Program Files\Microchip\xc8\v2.36\pic\sources\c99\common\aomod.c
		___aomod       		CODE           	3420	0000	358

C:\Program Files\Microchip\xc8\v2.36\pic\sources\c99\common\aomod.c estimated size: 358

C:\Program Files\Microchip\xc8\v2.36\pic\sources\c99\common\sprcdiv.c
		___fldiv       		CODE           	20B6	0000	924

C:\Program Files\Microchip\xc8\v2.36\pic\sources\c99\common\sprcdiv.c estimated size: 924

C:\Program Files\Microchip\xc8\v2.36\pic\sources\c99\common\awmod.c
		___awmod       		CODE           	4526	0000	176

C:\Program Files\Microchip\xc8\v2.36\pic\sources\c99\common\awmod.c estimated size: 176

C:\Program Files\Microchip\xc8\v2.36\pic\sources\c99\common\nf_sprintf.c
		_sprintf       		CODE           	57F8	0000	82

C:\Program Files\Microchip\xc8\v2.36\pic\sources\c99\common\nf_sprintf.c estimated size: 82

mcc_generated_files/examples/i2c_master_example.c
		_wr1RegCompleteHandler		CODE           	5BAC	0000	54
		_wr2RegCompleteHandler		CODE           	5C4E	0000	54
		_I2C_Write1ByteRegister		CODE           	5292	0000	110
		_I2C_Read1ByteRegister		CODE           	4C98	0000	124
		_rdBlkRegCompleteHandler		CODE           	5898	0000	76
		_rd1RegCompleteHandler		CODE           	5C18	0000	54
		_rd2RegCompleteHandler		CODE           	5BE2	0000	54

mcc_generated_files/examples/i2c_master_example.c estimated size: 526

C:\Program Files\Microchip\xc8\v2.36\pic\sources\c99\common\xxtofl.c
		___xxtofl      		CODE           	2C40	0000	440

C:\Program Files\Microchip\xc8\v2.36\pic\sources\c99\common\xxtofl.c estimated size: 440

MCAL/ADC/adc.c
		_ADC_StartConversion_Interrupt		CODE           	5B02	0000	58
		_adc_input_channel_port_configure		CODE           	3C9A	0000	216
		_ADC_GetConversionResult		CODE           	430A	0000	186
		_configure_voltage_reference		CODE           	5CB8	0000	48
		_ADC_StartConversion		CODE           	5FA8	0000	36
		_ADC_ISR       		CODE           	5DA4	0000	46
		_ADC_SelectChannel		CODE           	5B3C	0000	58
		_ADC_Init      		CODE           	3BB8	0000	226
		_select_result_format		CODE           	5DD2	0000	44

MCAL/ADC/adc.c estimated size: 918

C:\Program Files\Microchip\xc8\v2.36\pic\sources\c99\common\strlen.c
		_strlen        		CODE           	5B76	0000	54

C:\Program Files\Microchip\xc8\v2.36\pic\sources\c99\common\strlen.c estimated size: 54

MCAL/GPIO/gpio.c
		_gpio_pin_logic_write		CODE           	36E2	0000	338
		_gpio_pin_input_init		CODE           	5642	0000	92
		_gpio_pin_direction_init		CODE           	3834	0000	338
		_gpio_pin_output_low_init		CODE           	50CE	0000	114

MCAL/GPIO/gpio.c estimated size: 882

MCAL/INTERRUPT/mcal_external_interrupt.c
		_interrupt_INTx_init		CODE           	4D90	0000	122
		_interrupt_INTx_pin_init		CODE           	5C84	0000	52
		_interrupt_INTx_disable		CODE           	4FEA	0000	114
		_RB4_ISR       		CODE           	6110	0000	26
		_RB5_ISR       		CODE           	60F6	0000	26
		_RB6_ISR       		CODE           	60DC	0000	26
		_RB7_ISR       		CODE           	60C2	0000	26
		_interrupt_INTx_edge_init		CODE           	3986	0000	300
		_INT0_set_InterruptHandler		CODE           	5F5A	0000	42
		_interrupt_INTx_clear_flag		CODE           	505C	0000	114
		_INT1_set_InterruptHandler		CODE           	5F30	0000	42
		_interrupt_INTx_enable		CODE           	4B9E	0000	126
		_INT2_set_InterruptHandler		CODE           	5F06	0000	42
		_INT0_ISR      		CODE           	5D76	0000	46
		_INTx_select_InterruptHandler		CODE           	4680	0000	170
		_INT1_ISR      		CODE           	5D48	0000	46
		_INT2_ISR      		CODE           	5CE8	0000	48

MCAL/INTERRUPT/mcal_external_interrupt.c estimated size: 1368

C:\Program Files\Microchip\xc8\v2.36\pic\sources\c99\common\aodiv.c
		___aodiv       		CODE           	311E	0000	394

C:\Program Files\Microchip\xc8\v2.36\pic\sources\c99\common\aodiv.c estimated size: 394

C:\Program Files\Microchip\xc8\v2.36\pic\sources\c99\common\memset.c
		_memset        		CODE           	32A8	0000	376

C:\Program Files\Microchip\xc8\v2.36\pic\sources\c99\common\memset.c estimated size: 376

MCAL/INTERRUPT/mcall_interrupt_manager.c
		_InterruptManager		CODE           	0008	0000	844

MCAL/INTERRUPT/mcall_interrupt_manager.c estimated size: 844

C:\Program Files\Microchip\xc8\v2.36\pic\sources\c99\common\nf_fputc.c
		_fputc         		CODE           	3FF0	0000	202

C:\Program Files\Microchip\xc8\v2.36\pic\sources\c99\common\nf_fputc.c estimated size: 202

C:\Program Files\Microchip\xc8\v2.36\pic\sources\c99\common\sprcadd.c
		___fladd       		CODE           	1BF4	0000	1218

C:\Program Files\Microchip\xc8\v2.36\pic\sources\c99\common\sprcadd.c estimated size: 1218

mcc_generated_files/init.c
		__Initialize   		CODE           	5514	0000	102

mcc_generated_files/init.c estimated size: 102

C:\Program Files\Microchip\xc8\v2.36\pic\sources\c99\common\awdiv.c
		___awdiv       		CODE           	4246	0000	196

C:\Program Files\Microchip\xc8\v2.36\pic\sources\c99\common\awdiv.c estimated size: 196

C:\Program Files\Microchip\xc8\v2.36\pic\sources\c99\common\doprnt.c
		_vfpfcnvrt     		CODE           	2A7C	0000	452
		_pad           		CODE           	40BA	0000	200
		_dtoa          		CODE           	2798	0000	740
		_vfprintf      		CODE           	536E	0000	108

C:\Program Files\Microchip\xc8\v2.36\pic\sources\c99\common\doprnt.c estimated size: 1500

C:\Program Files\Microchip\xc8\v2.36\pic\sources\c99\common\fltol.c
		___fltol       		CODE           	3AB2	0000	262

C:\Program Files\Microchip\xc8\v2.36\pic\sources\c99\common\fltol.c estimated size: 262

shared
		i2_I2C_DO_RX_NACK_RESTART		CODE           	6342	0000	8
		i2_I2C_SetBuffer		CODE           	5FCC	0000	36
		i2_I2C_DO_SEND_RESTART_READ		CODE           	6372	0000	8
		i2_I2C_DO_ADDRESS_NACK		CODE           	557A	0000	102
		i2_I2C_CallbackReturnStop		CODE           	63CE	0000	4
		i2_I2C_DO_RX   		CODE           	472A	0000	166
		i2_I2C_DO_TX   		CODE           	4182	0000	196
		i2_I2C_MasterWaitForEvent		CODE           	62AE	0000	16
		i2_I2C_DO_IDLE 		CODE           	631E	0000	12
		i2_I2C_DO_RCEN 		CODE           	6312	0000	12
		i2_I2C_SetAddressNackCallback		CODE           	6172	0000	24
		i2_I2C_DO_RESET		CODE           	6306	0000	12
		i2_I2C_MasterEnableRestart		CODE           	63D6	0000	4
		i2_rd1RegCompleteHandler		CODE           	5E82	0000	44
		i2_I2C_Poller  		CODE           	6052	0000	30
		i2_I2C_MasterOpen		CODE           	6012	0000	34
		i2_I2C_Close   		CODE           	5EDA	0000	44
		i2_I2C_MasterSendTxData		CODE           	637A	0000	8
		i2_I2C_DO_SEND_RESTART_WRITE		CODE           	636A	0000	8
		__initialization		CODE           	4B18	0000	124
		i2_I2C_MasterStop		CODE           	63D2	0000	4
		i2_RealTimeClockDS1307_Get_Date_Time		CODE           	54AC	0000	104
		i2_I2C_DO_RX_ACK		CODE           	6352	0000	8
		i2_I2C_DO_SEND_ADR_WRITE		CODE           	62F8	0000	14
		i2_rd2RegCompleteHandler		CODE           	5E56	0000	44
		i2_I2C_CallbackReturnReset		CODE           	63CA	0000	4
		i2_I2C_Read1ByteRegister		CODE           	4F76	0000	116
		i2_I2C_MasterClose		CODE           	63E2	0000	4
		i2_I2C_MasterWrite		CODE           	633A	0000	8
		i2_I2C_DO_SEND_STOP		CODE           	635A	0000	8
		i2_I2C_MasterStartRx		CODE           	63C6	0000	4
		i2_I2C_SetCallback		CODE           	4E84	0000	122
		i2_I2C_SetDataCompleteCallback		CODE           	618A	0000	24
		i2_I2C_MasterIsNack		CODE           	620C	0000	20
		i2_I2C_Open    		CODE           	48F2	0000	142
		i2_I2C_MasterStart		CODE           	63DA	0000	4
		i2_I2C_MasterClearIrq		CODE           	63E6	0000	4
		i2_I2C_MasterSendNack		CODE           	6394	0000	6
		i2_wr1RegCompleteHandler		CODE           	5E2A	0000	44
		i2_I2C_MasterSendAck		CODE           	638E	0000	6
		i2_I2C_DO_SEND_ADR_READ		CODE           	62BE	0000	16
		i2_I2C_DO_RX_NACK_STOP		CODE           	634A	0000	8
		i2_I2C_MasterDisableIrq		CODE           	63DE	0000	4
		i2_I2C_MasterFsm		CODE           	5222	0000	112
		i2_I2C_MasterGetRxData		CODE           	63C2	0000	4
		i2_rdBlkRegCompleteHandler		CODE           	5A86	0000	64
		i2_I2C_DO_SEND_RESTART		CODE           	6362	0000	8
		i2_I2C_MasterSetIrq		CODE           	63BE	0000	4
		i2_I2C_DO_TX_EMPTY		CODE           	4D14	0000	124
		_i2c_fsmStateTable		SMALLCONST     	1001	0000	32
		i2_wr2RegCompleteHandler		CODE           	5EAE	0000	44
		i2_I2C_Write1ByteRegister		CODE           	5300	0000	110
		i2_I2C_MasterOperation		CODE           	5A02	0000	68

shared estimated size: 2180

MCAL/USART/usart.c
		_EUSART_RX_ISR 		CODE           	63F2	0000	2
		_EUSART_TX_ISR 		CODE           	63EA	0000	4
		_EUSART_ASYNC_Init		CODE           	59BC	0000	70
		_EUSART_ASYNC_WriteByteNonBlocking		CODE           	608C	0000	28
		_EUSART_ASYNC_RX_Init		CODE           	47D0	0000	148
		_EUSART_ASYNC_TX_Init		CODE           	4476	0000	176
		_EUSART_Baud_Rate_Calculation		CODE           	16E0	0000	1300

MCAL/USART/usart.c estimated size: 1728

app.c
		_main          		CODE           	106A	0000	1654
		_APP_INT0_ISR  		CODE           	3E4A	0000	214
		_APP_INT1_ISR  		CODE           	3D72	0000	216
		_APP_INT2_ISR  		CODE           	5D18	0000	48
		_MY_ADC_ISR    		CODE           	6070	0000	28

app.c estimated size: 2160

C:\Program Files\Microchip\xc8\v2.36\pic\sources\c99\common\abs.c
		_abs           		CODE           	5A46	0000	64

C:\Program Files\Microchip\xc8\v2.36\pic\sources\c99\common\abs.c estimated size: 64

mcc_generated_files/i2c_master.c
		_I2C_Close     		CODE           	5DFE	0000	44
		_I2C_MasterStartRx		CODE           	63A2	0000	4
		_I2C_DO_SEND_ADR_WRITE		CODE           	6142	0000	24
		_I2C_MasterWaitForEvent		CODE           	629E	0000	16
		_I2C_DO_SEND_STOP		CODE           	6256	0000	18
		_I2C_MasterSendNack		CODE           	6388	0000	6
		_I2C_MasterDisableIrq		CODE           	63B2	0000	4
		_I2C_CallbackReturnStop		CODE           	62EA	0000	14
		_I2C_MasterOperation		CODE           	592C	0000	72
		_I2C_DO_SEND_ADR_READ		CODE           	60A8	0000	26
		_I2C_DO_RX_NACK_STOP		CODE           	6232	0000	18
		_I2C_DO_SEND_RESTART		CODE           	6268	0000	18
		_I2C_DO_RX     		CODE           	43C4	0000	178
		_I2C_DO_TX     		CODE           	3F20	0000	208
		_I2C_DO_IDLE   		CODE           	61CE	0000	22
		_I2C_DO_RCEN   		CODE           	61B8	0000	22
		_I2C_Poller    		CODE           	6034	0000	30
		_I2C_DO_RESET  		CODE           	61A2	0000	22
		_I2C_MasterClose		CODE           	63B6	0000	4
		_I2C_MasterWrite		CODE           	632A	0000	8
		_I2C_DO_RX_ACK 		CODE           	6244	0000	18
		_I2C_MasterStart		CODE           	63AE	0000	4
		_I2C_MasterClearIrq		CODE           	63BA	0000	4
		_I2C_MasterGetRxData		CODE           	639E	0000	4
		_I2C_SetCallback		CODE           	4E0A	0000	122
		_I2C_DO_ADDRESS_NACK		CODE           	5140	0000	114
		_I2C_MasterEnableRestart		CODE           	63AA	0000	4
		_I2C_CallbackReturnReset		CODE           	62DC	0000	14
		_I2C_Open      		CODE           	4864	0000	142
		_I2C_SetAddressNackCallback		CODE           	612A	0000	24
		_I2C_DO_TX_EMPTY		CODE           	4A90	0000	136
		_I2C_DO_SEND_RESTART_WRITE		CODE           	627A	0000	18
		_I2C_MasterIsNack		CODE           	61F8	0000	20
		_I2C_SetDataCompleteCallback		CODE           	615A	0000	24
		_I2C_DO_RX_NACK_RESTART		CODE           	6220	0000	18
		_I2C_MasterSendAck		CODE           	6382	0000	6
		_I2C_MasterFsm 		CODE           	51B2	0000	112
		_I2C_MasterSetIrq		CODE           	639A	0000	4
		_I2C_DO_SEND_RESTART_READ		CODE           	628C	0000	18
		_I2C_Initialize		CODE           	61E4	0000	20
		_I2C_SetBuffer 		CODE           	5F84	0000	36
		_I2C_MasterOpen		CODE           	5FF0	0000	34
		_I2C_MasterSendTxData		CODE           	6332	0000	8
		_I2C_MasterStop		CODE           	63A6	0000	4

mcc_generated_files/i2c_master.c estimated size: 1666

ECUAL/RealTimeClockDS1307/RealTimeClockDS1307.c
		_convert_BCD_to_int		CODE           	2F8C	0000	402
		_convert_int_to_BCD		CODE           	2DF8	0000	404
		_RealTimeClockDS1307_Get_Date_Time		CODE           	5444	0000	104

ECUAL/RealTimeClockDS1307/RealTimeClockDS1307.c estimated size: 910

ECUAL/buzzer/buzzer.c
		_buzzer_on     		CODE           	569E	0000	88
		_buzzer_off    		CODE           	56F6	0000	88
		_buzzer_init   		CODE           	57A4	0000	84

ECUAL/buzzer/buzzer.c estimated size: 260

